<html>
<body>
<pre>
<h1>µVision Build Log</h1>
<h2>Project:</h2>
C:\Users\Nguyencuong\Desktop\Dat_Mach\Bang_ty_gia_vang\CODE_IR_V1.0.0\Project\KeilC\NOKIA_5110.uvproj
Project File Date:  06/29/2016

<h2>Output:</h2>
Rebuild target 'NOKIA_5110'
compiling reprintf.c...
compiling main.c...
compiling stm32f10x_it.c...
compiling stm32f10x_tim.c...
compiling stm32f10x_exti.c...
compiling stm32f10x_flash.c...
compiling misc.c...
compiling stm32f10x_gpio.c...
compiling stm32f10x_usart.c...
compiling stm32f10x_rcc.c...
compiling core_cm3.c...
compiling system_stm32f10x.c...
assembling startup_stm32f10x_hd.s...
linking...
Program Size: Code=8196 RO-data=336 RW-data=148 ZI-data=1140  
FromELF: creating hex file...
"..\Output\Obj\GET_IR.axf" - 0 Errors, 0 Warning(s).
Load "..\\Output\\Obj\\GET_IR.axf" 
Rebuild target 'NOKIA_5110'
compiling reprintf.c...
compiling main.c...
compiling stm32f10x_it.c...
compiling stm32f10x_tim.c...
compiling stm32f10x_exti.c...
compiling stm32f10x_flash.c...
compiling misc.c...
compiling stm32f10x_gpio.c...
compiling stm32f10x_usart.c...
compiling stm32f10x_rcc.c...
compiling core_cm3.c...
compiling system_stm32f10x.c...
assembling startup_stm32f10x_hd.s...
linking...
Program Size: Code=8196 RO-data=336 RW-data=148 ZI-data=1140  
FromELF: creating hex file...
"..\Output\Obj\GET_IR.axf" - 0 Errors, 0 Warning(s).
Rebuild target 'NOKIA_5110'
compiling reprintf.c...
compiling main.c...
compiling stm32f10x_it.c...
compiling stm32f10x_tim.c...
compiling stm32f10x_exti.c...
compiling stm32f10x_flash.c...
compiling misc.c...
compiling stm32f10x_gpio.c...
compiling stm32f10x_usart.c...
compiling stm32f10x_rcc.c...
compiling core_cm3.c...
compiling system_stm32f10x.c...
assembling startup_stm32f10x_hd.s...
linking...
Program Size: Code=8196 RO-data=336 RW-data=148 ZI-data=1140  
FromELF: creating hex file...
"..\Output\Obj\GET_IR.axf" - 0 Errors, 0 Warning(s).
Rebuild target 'NOKIA_5110'
compiling reprintf.c...
compiling main.c...
compiling stm32f10x_it.c...
compiling stm32f10x_tim.c...
compiling stm32f10x_exti.c...
compiling stm32f10x_flash.c...
compiling misc.c...
compiling stm32f10x_gpio.c...
compiling stm32f10x_usart.c...
compiling stm32f10x_rcc.c...
compiling core_cm3.c...
compiling system_stm32f10x.c...
assembling startup_stm32f10x_hd.s...
linking...
Program Size: Code=8176 RO-data=336 RW-data=48 ZI-data=1040  
FromELF: creating hex file...
"..\Output\Obj\GET_IR.axf" - 0 Errors, 0 Warning(s).
Rebuild target 'NOKIA_5110'
compiling reprintf.c...
compiling main.c...
..\Code\main.c(59): error:  #20: identifier "Bit_star" is undefined
compiling stm32f10x_it.c...
compiling stm32f10x_tim.c...
compiling stm32f10x_exti.c...
compiling stm32f10x_flash.c...
compiling misc.c...
compiling stm32f10x_gpio.c...
compiling stm32f10x_usart.c...
compiling stm32f10x_rcc.c...
compiling core_cm3.c...
compiling system_stm32f10x.c...
assembling startup_stm32f10x_hd.s...
"..\Output\Obj\GET_IR.axf" - 1 Errors, 0 Warning(s).
Target not created
Rebuild target 'NOKIA_5110'
compiling reprintf.c...
compiling main.c...
compiling stm32f10x_it.c...
compiling stm32f10x_tim.c...
compiling stm32f10x_exti.c...
compiling stm32f10x_flash.c...
compiling misc.c...
compiling stm32f10x_gpio.c...
compiling stm32f10x_usart.c...
compiling stm32f10x_rcc.c...
compiling core_cm3.c...
compiling system_stm32f10x.c...
assembling startup_stm32f10x_hd.s...
linking...
Program Size: Code=8248 RO-data=336 RW-data=52 ZI-data=1044  
FromELF: creating hex file...
"..\Output\Obj\GET_IR.axf" - 0 Errors, 0 Warning(s).
Rebuild target 'NOKIA_5110'
compiling reprintf.c...
compiling main.c...
compiling stm32f10x_it.c...
compiling stm32f10x_tim.c...
compiling stm32f10x_exti.c...
compiling stm32f10x_flash.c...
compiling misc.c...
compiling stm32f10x_gpio.c...
compiling stm32f10x_usart.c...
compiling stm32f10x_rcc.c...
compiling core_cm3.c...
compiling system_stm32f10x.c...
assembling startup_stm32f10x_hd.s...
linking...
Program Size: Code=8248 RO-data=336 RW-data=52 ZI-data=1044  
FromELF: creating hex file...
"..\Output\Obj\GET_IR.axf" - 0 Errors, 0 Warning(s).
Rebuild target 'NOKIA_5110'
compiling reprintf.c...
compiling main.c...
..\Code\main.c(63): error:  #65: expected a ";"
..\Code\main.c(68): warning:  #12-D: parsing restarts here after previous syntax error
compiling stm32f10x_it.c...
compiling stm32f10x_tim.c...
compiling stm32f10x_exti.c...
compiling stm32f10x_flash.c...
compiling misc.c...
compiling stm32f10x_gpio.c...
compiling stm32f10x_usart.c...
compiling stm32f10x_rcc.c...
compiling core_cm3.c...
compiling system_stm32f10x.c...
assembling startup_stm32f10x_hd.s...
"..\Output\Obj\GET_IR.axf" - 1 Errors, 1 Warning(s).
Target not created
Rebuild target 'NOKIA_5110'
compiling reprintf.c...
compiling main.c...
compiling stm32f10x_it.c...
compiling stm32f10x_tim.c...
compiling stm32f10x_exti.c...
compiling stm32f10x_flash.c...
compiling misc.c...
compiling stm32f10x_gpio.c...
compiling stm32f10x_usart.c...
compiling stm32f10x_rcc.c...
compiling core_cm3.c...
compiling system_stm32f10x.c...
assembling startup_stm32f10x_hd.s...
linking...
Program Size: Code=8280 RO-data=336 RW-data=52 ZI-data=1044  
FromELF: creating hex file...
"..\Output\Obj\GET_IR.axf" - 0 Errors, 0 Warning(s).
Build target 'NOKIA_5110'
compiling main.c...
linking...
Program Size: Code=8280 RO-data=336 RW-data=52 ZI-data=1044  
FromELF: creating hex file...
"..\Output\Obj\GET_IR.axf" - 0 Errors, 0 Warning(s).
Rebuild target 'NOKIA_5110'
compiling reprintf.c...
compiling main.c...
compiling stm32f10x_it.c...
compiling stm32f10x_tim.c...
compiling stm32f10x_exti.c...
compiling stm32f10x_flash.c...
compiling misc.c...
compiling stm32f10x_gpio.c...
compiling stm32f10x_usart.c...
compiling stm32f10x_rcc.c...
compiling core_cm3.c...
compiling system_stm32f10x.c...
assembling startup_stm32f10x_hd.s...
linking...
Program Size: Code=8280 RO-data=336 RW-data=52 ZI-data=1044  
FromELF: creating hex file...
"..\Output\Obj\GET_IR.axf" - 0 Errors, 0 Warning(s).
Rebuild target 'NOKIA_5110'
compiling reprintf.c...
compiling main.c...
compiling stm32f10x_it.c...
compiling stm32f10x_tim.c...
compiling stm32f10x_exti.c...
compiling stm32f10x_flash.c...
compiling misc.c...
compiling stm32f10x_gpio.c...
compiling stm32f10x_usart.c...
compiling stm32f10x_rcc.c...
compiling core_cm3.c...
compiling system_stm32f10x.c...
assembling startup_stm32f10x_hd.s...
linking...
Program Size: Code=8292 RO-data=336 RW-data=52 ZI-data=1044  
FromELF: creating hex file...
"..\Output\Obj\GET_IR.axf" - 0 Errors, 0 Warning(s).
Rebuild target 'NOKIA_5110'
compiling reprintf.c...
compiling main.c...
compiling stm32f10x_it.c...
compiling stm32f10x_tim.c...
compiling stm32f10x_exti.c...
compiling stm32f10x_flash.c...
compiling misc.c...
compiling stm32f10x_gpio.c...
compiling stm32f10x_usart.c...
compiling stm32f10x_rcc.c...
compiling core_cm3.c...
compiling system_stm32f10x.c...
assembling startup_stm32f10x_hd.s...
linking...
Program Size: Code=8292 RO-data=336 RW-data=52 ZI-data=1044  
FromELF: creating hex file...
"..\Output\Obj\GET_IR.axf" - 0 Errors, 0 Warning(s).
Rebuild target 'NOKIA_5110'
compiling reprintf.c...
compiling main.c...
compiling stm32f10x_it.c...
compiling stm32f10x_tim.c...
compiling stm32f10x_exti.c...
compiling stm32f10x_flash.c...
compiling misc.c...
compiling stm32f10x_gpio.c...
compiling stm32f10x_usart.c...
compiling stm32f10x_rcc.c...
compiling core_cm3.c...
compiling system_stm32f10x.c...
assembling startup_stm32f10x_hd.s...
linking...
Program Size: Code=8416 RO-data=336 RW-data=56 ZI-data=1040  
FromELF: creating hex file...
"..\Output\Obj\GET_IR.axf" - 0 Errors, 0 Warning(s).
Rebuild target 'NOKIA_5110'
compiling reprintf.c...
compiling main.c...
compiling stm32f10x_it.c...
compiling stm32f10x_tim.c...
compiling stm32f10x_exti.c...
compiling stm32f10x_flash.c...
compiling misc.c...
compiling stm32f10x_gpio.c...
compiling stm32f10x_usart.c...
compiling stm32f10x_rcc.c...
compiling core_cm3.c...
compiling system_stm32f10x.c...
assembling startup_stm32f10x_hd.s...
linking...
Program Size: Code=8428 RO-data=336 RW-data=56 ZI-data=1040  
FromELF: creating hex file...
"..\Output\Obj\GET_IR.axf" - 0 Errors, 0 Warning(s).
Rebuild target 'NOKIA_5110'
compiling reprintf.c...
compiling main.c...
compiling stm32f10x_it.c...
compiling stm32f10x_tim.c...
compiling stm32f10x_exti.c...
compiling stm32f10x_flash.c...
compiling misc.c...
compiling stm32f10x_gpio.c...
compiling stm32f10x_usart.c...
compiling stm32f10x_rcc.c...
compiling core_cm3.c...
compiling system_stm32f10x.c...
assembling startup_stm32f10x_hd.s...
linking...
Program Size: Code=8440 RO-data=336 RW-data=56 ZI-data=1040  
FromELF: creating hex file...
"..\Output\Obj\GET_IR.axf" - 0 Errors, 0 Warning(s).
Rebuild target 'NOKIA_5110'
compiling reprintf.c...
compiling main.c...
compiling stm32f10x_it.c...
compiling stm32f10x_tim.c...
compiling stm32f10x_exti.c...
compiling stm32f10x_flash.c...
compiling misc.c...
compiling stm32f10x_gpio.c...
compiling stm32f10x_usart.c...
compiling stm32f10x_rcc.c...
compiling core_cm3.c...
compiling system_stm32f10x.c...
assembling startup_stm32f10x_hd.s...
linking...
Program Size: Code=8428 RO-data=336 RW-data=56 ZI-data=1040  
FromELF: creating hex file...
"..\Output\Obj\GET_IR.axf" - 0 Errors, 0 Warning(s).
Rebuild target 'NOKIA_5110'
compiling reprintf.c...
compiling main.c...
compiling stm32f10x_it.c...
compiling stm32f10x_tim.c...
compiling stm32f10x_exti.c...
compiling stm32f10x_flash.c...
compiling misc.c...
compiling stm32f10x_gpio.c...
compiling stm32f10x_usart.c...
compiling stm32f10x_rcc.c...
compiling core_cm3.c...
compiling system_stm32f10x.c...
assembling startup_stm32f10x_hd.s...
linking...
Program Size: Code=8428 RO-data=336 RW-data=56 ZI-data=1040  
FromELF: creating hex file...
"..\Output\Obj\GET_IR.axf" - 0 Errors, 0 Warning(s).
Rebuild target 'NOKIA_5110'
compiling reprintf.c...
compiling main.c...
compiling stm32f10x_it.c...
compiling stm32f10x_tim.c...
compiling stm32f10x_exti.c...
compiling stm32f10x_flash.c...
compiling misc.c...
compiling stm32f10x_gpio.c...
compiling stm32f10x_usart.c...
compiling stm32f10x_rcc.c...
compiling core_cm3.c...
compiling system_stm32f10x.c...
assembling startup_stm32f10x_hd.s...
linking...
Program Size: Code=8424 RO-data=336 RW-data=56 ZI-data=1040  
FromELF: creating hex file...
"..\Output\Obj\GET_IR.axf" - 0 Errors, 0 Warning(s).
Rebuild target 'NOKIA_5110'
compiling reprintf.c...
compiling main.c...
compiling stm32f10x_it.c...
compiling stm32f10x_tim.c...
compiling stm32f10x_exti.c...
compiling stm32f10x_flash.c...
compiling misc.c...
compiling stm32f10x_gpio.c...
compiling stm32f10x_usart.c...
compiling stm32f10x_rcc.c...
compiling core_cm3.c...
compiling system_stm32f10x.c...
assembling startup_stm32f10x_hd.s...
linking...
Program Size: Code=8424 RO-data=336 RW-data=56 ZI-data=1040  
FromELF: creating hex file...
"..\Output\Obj\GET_IR.axf" - 0 Errors, 0 Warning(s).
Rebuild target 'NOKIA_5110'
compiling reprintf.c...
compiling main.c...
compiling stm32f10x_it.c...
compiling stm32f10x_tim.c...
compiling stm32f10x_exti.c...
compiling stm32f10x_flash.c...
compiling misc.c...
compiling stm32f10x_gpio.c...
compiling stm32f10x_usart.c...
compiling stm32f10x_rcc.c...
compiling core_cm3.c...
compiling system_stm32f10x.c...
assembling startup_stm32f10x_hd.s...
linking...
Program Size: Code=8320 RO-data=336 RW-data=56 ZI-data=1040  
FromELF: creating hex file...
"..\Output\Obj\GET_IR.axf" - 0 Errors, 0 Warning(s).
Rebuild target 'NOKIA_5110'
compiling reprintf.c...
compiling main.c...
compiling stm32f10x_it.c...
compiling stm32f10x_tim.c...
compiling stm32f10x_exti.c...
compiling stm32f10x_flash.c...
compiling misc.c...
compiling stm32f10x_gpio.c...
compiling stm32f10x_usart.c...
compiling stm32f10x_rcc.c...
compiling core_cm3.c...
compiling system_stm32f10x.c...
assembling startup_stm32f10x_hd.s...
linking...
Program Size: Code=8424 RO-data=336 RW-data=56 ZI-data=1040  
FromELF: creating hex file...
"..\Output\Obj\GET_IR.axf" - 0 Errors, 0 Warning(s).
Rebuild target 'NOKIA_5110'
compiling reprintf.c...
compiling main.c...
compiling stm32f10x_it.c...
compiling stm32f10x_tim.c...
compiling stm32f10x_exti.c...
compiling stm32f10x_flash.c...
compiling misc.c...
compiling stm32f10x_gpio.c...
compiling stm32f10x_usart.c...
compiling stm32f10x_rcc.c...
compiling core_cm3.c...
compiling system_stm32f10x.c...
assembling startup_stm32f10x_hd.s...
linking...
Program Size: Code=8424 RO-data=336 RW-data=56 ZI-data=1040  
FromELF: creating hex file...
"..\Output\Obj\GET_IR.axf" - 0 Errors, 0 Warning(s).
Rebuild target 'NOKIA_5110'
compiling reprintf.c...
compiling main.c...
compiling stm32f10x_it.c...
compiling stm32f10x_tim.c...
compiling stm32f10x_exti.c...
compiling stm32f10x_flash.c...
compiling misc.c...
compiling stm32f10x_gpio.c...
compiling stm32f10x_usart.c...
compiling stm32f10x_rcc.c...
compiling core_cm3.c...
compiling system_stm32f10x.c...
assembling startup_stm32f10x_hd.s...
linking...
Program Size: Code=8400 RO-data=336 RW-data=56 ZI-data=1040  
FromELF: creating hex file...
"..\Output\Obj\GET_IR.axf" - 0 Errors, 0 Warning(s).
Build target 'NOKIA_5110'
compiling main.c...
linking...
Program Size: Code=8408 RO-data=336 RW-data=56 ZI-data=1040  
FromELF: creating hex file...
"..\Output\Obj\GET_IR.axf" - 0 Errors, 0 Warning(s).
Rebuild target 'NOKIA_5110'
compiling reprintf.c...
compiling main.c...
compiling stm32f10x_it.c...
compiling stm32f10x_tim.c...
compiling stm32f10x_exti.c...
compiling stm32f10x_flash.c...
compiling misc.c...
compiling stm32f10x_gpio.c...
compiling stm32f10x_usart.c...
compiling stm32f10x_rcc.c...
compiling core_cm3.c...
compiling system_stm32f10x.c...
assembling startup_stm32f10x_hd.s...
linking...
Program Size: Code=8408 RO-data=336 RW-data=56 ZI-data=1040  
FromELF: creating hex file...
"..\Output\Obj\GET_IR.axf" - 0 Errors, 0 Warning(s).
Rebuild target 'NOKIA_5110'
compiling reprintf.c...
compiling main.c...
compiling stm32f10x_it.c...
compiling stm32f10x_tim.c...
compiling stm32f10x_exti.c...
compiling stm32f10x_flash.c...
compiling misc.c...
compiling stm32f10x_gpio.c...
compiling stm32f10x_usart.c...
compiling stm32f10x_rcc.c...
compiling core_cm3.c...
compiling system_stm32f10x.c...
assembling startup_stm32f10x_hd.s...
linking...
Program Size: Code=8408 RO-data=336 RW-data=56 ZI-data=1040  
FromELF: creating hex file...
"..\Output\Obj\GET_IR.axf" - 0 Errors, 0 Warning(s).
Rebuild target 'NOKIA_5110'
compiling reprintf.c...
compiling main.c...
compiling stm32f10x_it.c...
compiling stm32f10x_tim.c...
compiling stm32f10x_exti.c...
compiling stm32f10x_flash.c...
compiling misc.c...
compiling stm32f10x_gpio.c...
compiling stm32f10x_usart.c...
compiling stm32f10x_rcc.c...
compiling core_cm3.c...
compiling system_stm32f10x.c...
assembling startup_stm32f10x_hd.s...
linking...
Program Size: Code=8416 RO-data=336 RW-data=56 ZI-data=1040  
FromELF: creating hex file...
"..\Output\Obj\GET_IR.axf" - 0 Errors, 0 Warning(s).
Rebuild target 'NOKIA_5110'
compiling reprintf.c...
compiling main.c...
compiling stm32f10x_it.c...
compiling stm32f10x_tim.c...
compiling stm32f10x_exti.c...
compiling stm32f10x_flash.c...
compiling misc.c...
compiling stm32f10x_gpio.c...
compiling stm32f10x_usart.c...
compiling stm32f10x_rcc.c...
compiling core_cm3.c...
compiling system_stm32f10x.c...
assembling startup_stm32f10x_hd.s...
linking...
Program Size: Code=8416 RO-data=336 RW-data=56 ZI-data=1040  
FromELF: creating hex file...
"..\Output\Obj\GET_IR.axf" - 0 Errors, 0 Warning(s).
Rebuild target 'NOKIA_5110'
compiling reprintf.c...
compiling main.c...
compiling stm32f10x_it.c...
compiling stm32f10x_tim.c...
compiling stm32f10x_exti.c...
compiling stm32f10x_flash.c...
compiling misc.c...
compiling stm32f10x_gpio.c...
compiling stm32f10x_usart.c...
compiling stm32f10x_rcc.c...
compiling core_cm3.c...
compiling system_stm32f10x.c...
assembling startup_stm32f10x_hd.s...
linking...
Program Size: Code=8416 RO-data=336 RW-data=56 ZI-data=1040  
FromELF: creating hex file...
"..\Output\Obj\GET_IR.axf" - 0 Errors, 0 Warning(s).
Rebuild target 'NOKIA_5110'
compiling reprintf.c...
compiling main.c...
compiling stm32f10x_it.c...
compiling stm32f10x_tim.c...
compiling stm32f10x_exti.c...
compiling stm32f10x_flash.c...
compiling misc.c...
compiling stm32f10x_gpio.c...
compiling stm32f10x_usart.c...
compiling stm32f10x_rcc.c...
compiling core_cm3.c...
compiling system_stm32f10x.c...
assembling startup_stm32f10x_hd.s...
linking...
Program Size: Code=8436 RO-data=336 RW-data=56 ZI-data=1040  
FromELF: creating hex file...
"..\Output\Obj\GET_IR.axf" - 0 Errors, 0 Warning(s).
Rebuild target 'NOKIA_5110'
compiling reprintf.c...
compiling main.c...
compiling stm32f10x_it.c...
compiling stm32f10x_tim.c...
compiling stm32f10x_exti.c...
compiling stm32f10x_flash.c...
compiling misc.c...
compiling stm32f10x_gpio.c...
compiling stm32f10x_usart.c...
compiling stm32f10x_rcc.c...
compiling core_cm3.c...
compiling system_stm32f10x.c...
assembling startup_stm32f10x_hd.s...
linking...
Program Size: Code=8344 RO-data=336 RW-data=56 ZI-data=1168  
FromELF: creating hex file...
"..\Output\Obj\GET_IR.axf" - 0 Errors, 0 Warning(s).
Rebuild target 'NOKIA_5110'
compiling reprintf.c...
compiling main.c...
compiling stm32f10x_it.c...
compiling stm32f10x_tim.c...
compiling stm32f10x_exti.c...
compiling stm32f10x_flash.c...
compiling misc.c...
compiling stm32f10x_gpio.c...
compiling stm32f10x_usart.c...
compiling stm32f10x_rcc.c...
compiling core_cm3.c...
compiling system_stm32f10x.c...
assembling startup_stm32f10x_hd.s...
linking...
Program Size: Code=8380 RO-data=336 RW-data=56 ZI-data=1168  
FromELF: creating hex file...
"..\Output\Obj\GET_IR.axf" - 0 Errors, 0 Warning(s).
Rebuild target 'NOKIA_5110'
compiling reprintf.c...
compiling main.c...
compiling stm32f10x_it.c...
compiling stm32f10x_tim.c...
compiling stm32f10x_exti.c...
compiling stm32f10x_flash.c...
compiling misc.c...
compiling stm32f10x_gpio.c...
compiling stm32f10x_usart.c...
compiling stm32f10x_rcc.c...
compiling core_cm3.c...
compiling system_stm32f10x.c...
assembling startup_stm32f10x_hd.s...
linking...
Program Size: Code=8504 RO-data=336 RW-data=56 ZI-data=1168  
FromELF: creating hex file...
"..\Output\Obj\GET_IR.axf" - 0 Errors, 0 Warning(s).
Rebuild target 'NOKIA_5110'
compiling reprintf.c...
compiling main.c...
..\Code\main.c(92): error:  #268: declaration may not appear after executable statement in block
..\Code\main.c(92): error:  #67: expected a "}"
compiling stm32f10x_it.c...
compiling stm32f10x_tim.c...
compiling stm32f10x_exti.c...
compiling stm32f10x_flash.c...
compiling misc.c...
compiling stm32f10x_gpio.c...
compiling stm32f10x_usart.c...
compiling stm32f10x_rcc.c...
compiling core_cm3.c...
compiling system_stm32f10x.c...
assembling startup_stm32f10x_hd.s...
"..\Output\Obj\GET_IR.axf" - 2 Errors, 0 Warning(s).
Target not created
Rebuild target 'NOKIA_5110'
compiling reprintf.c...
compiling main.c...
compiling stm32f10x_it.c...
compiling stm32f10x_tim.c...
compiling stm32f10x_exti.c...
compiling stm32f10x_flash.c...
compiling misc.c...
compiling stm32f10x_gpio.c...
compiling stm32f10x_usart.c...
compiling stm32f10x_rcc.c...
compiling core_cm3.c...
compiling system_stm32f10x.c...
assembling startup_stm32f10x_hd.s...
linking...
Program Size: Code=8504 RO-data=336 RW-data=56 ZI-data=1168  
FromELF: creating hex file...
"..\Output\Obj\GET_IR.axf" - 0 Errors, 0 Warning(s).
Rebuild target 'NOKIA_5110'
compiling reprintf.c...
compiling main.c...
compiling stm32f10x_it.c...
compiling stm32f10x_tim.c...
compiling stm32f10x_exti.c...
compiling stm32f10x_flash.c...
compiling misc.c...
compiling stm32f10x_gpio.c...
compiling stm32f10x_usart.c...
compiling stm32f10x_rcc.c...
compiling core_cm3.c...
compiling system_stm32f10x.c...
assembling startup_stm32f10x_hd.s...
linking...
Program Size: Code=8504 RO-data=336 RW-data=56 ZI-data=1168  
FromELF: creating hex file...
"..\Output\Obj\GET_IR.axf" - 0 Errors, 0 Warning(s).
Rebuild target 'NOKIA_5110'
compiling reprintf.c...
compiling main.c...
compiling stm32f10x_it.c...
compiling stm32f10x_tim.c...
compiling stm32f10x_exti.c...
compiling stm32f10x_flash.c...
compiling misc.c...
compiling stm32f10x_gpio.c...
compiling stm32f10x_usart.c...
compiling stm32f10x_rcc.c...
compiling core_cm3.c...
compiling system_stm32f10x.c...
assembling startup_stm32f10x_hd.s...
linking...
Program Size: Code=8516 RO-data=336 RW-data=56 ZI-data=1168  
FromELF: creating hex file...
"..\Output\Obj\GET_IR.axf" - 0 Errors, 0 Warning(s).
Rebuild target 'NOKIA_5110'
compiling reprintf.c...
compiling main.c...
compiling stm32f10x_it.c...
compiling stm32f10x_tim.c...
compiling stm32f10x_exti.c...
compiling stm32f10x_flash.c...
compiling misc.c...
compiling stm32f10x_gpio.c...
compiling stm32f10x_usart.c...
compiling stm32f10x_rcc.c...
compiling core_cm3.c...
compiling system_stm32f10x.c...
assembling startup_stm32f10x_hd.s...
linking...
Program Size: Code=8564 RO-data=336 RW-data=56 ZI-data=1168  
FromELF: creating hex file...
"..\Output\Obj\GET_IR.axf" - 0 Errors, 0 Warning(s).
Rebuild target 'NOKIA_5110'
compiling reprintf.c...
compiling main.c...
compiling stm32f10x_it.c...
compiling stm32f10x_tim.c...
compiling stm32f10x_exti.c...
compiling stm32f10x_flash.c...
compiling misc.c...
compiling stm32f10x_gpio.c...
compiling stm32f10x_usart.c...
compiling stm32f10x_rcc.c...
compiling core_cm3.c...
compiling system_stm32f10x.c...
assembling startup_stm32f10x_hd.s...
linking...
Program Size: Code=8564 RO-data=336 RW-data=56 ZI-data=1168  
FromELF: creating hex file...
"..\Output\Obj\GET_IR.axf" - 0 Errors, 0 Warning(s).
Rebuild target 'NOKIA_5110'
compiling reprintf.c...
compiling main.c...
compiling stm32f10x_it.c...
compiling stm32f10x_tim.c...
compiling stm32f10x_exti.c...
compiling stm32f10x_flash.c...
compiling misc.c...
compiling stm32f10x_gpio.c...
compiling stm32f10x_usart.c...
compiling stm32f10x_rcc.c...
compiling core_cm3.c...
compiling system_stm32f10x.c...
assembling startup_stm32f10x_hd.s...
linking...
Program Size: Code=8572 RO-data=336 RW-data=56 ZI-data=1168  
FromELF: creating hex file...
"..\Output\Obj\GET_IR.axf" - 0 Errors, 0 Warning(s).
Rebuild target 'NOKIA_5110'
compiling reprintf.c...
compiling main.c...
compiling stm32f10x_it.c...
compiling stm32f10x_tim.c...
compiling stm32f10x_exti.c...
compiling stm32f10x_flash.c...
compiling misc.c...
compiling stm32f10x_gpio.c...
compiling stm32f10x_usart.c...
compiling stm32f10x_rcc.c...
compiling core_cm3.c...
compiling system_stm32f10x.c...
assembling startup_stm32f10x_hd.s...
linking...
Program Size: Code=9188 RO-data=336 RW-data=64 ZI-data=1168  
FromELF: creating hex file...
"..\Output\Obj\GET_IR.axf" - 0 Errors, 0 Warning(s).
Rebuild target 'NOKIA_5110'
compiling reprintf.c...
compiling main.c...
compiling stm32f10x_it.c...
compiling stm32f10x_tim.c...
compiling stm32f10x_exti.c...
compiling stm32f10x_flash.c...
compiling misc.c...
compiling stm32f10x_gpio.c...
compiling stm32f10x_usart.c...
compiling stm32f10x_rcc.c...
compiling core_cm3.c...
compiling system_stm32f10x.c...
assembling startup_stm32f10x_hd.s...
linking...
Program Size: Code=8792 RO-data=336 RW-data=56 ZI-data=1168  
FromELF: creating hex file...
"..\Output\Obj\GET_IR.axf" - 0 Errors, 0 Warning(s).
Rebuild target 'NOKIA_5110'
compiling reprintf.c...
compiling main.c...
compiling stm32f10x_it.c...
compiling stm32f10x_tim.c...
compiling stm32f10x_exti.c...
compiling stm32f10x_flash.c...
compiling misc.c...
compiling stm32f10x_gpio.c...
compiling stm32f10x_usart.c...
compiling stm32f10x_rcc.c...
compiling core_cm3.c...
compiling system_stm32f10x.c...
assembling startup_stm32f10x_hd.s...
linking...
Program Size: Code=8796 RO-data=336 RW-data=56 ZI-data=1168  
FromELF: creating hex file...
"..\Output\Obj\GET_IR.axf" - 0 Errors, 0 Warning(s).
Rebuild target 'NOKIA_5110'
compiling reprintf.c...
compiling main.c...
compiling stm32f10x_it.c...
compiling stm32f10x_tim.c...
compiling stm32f10x_exti.c...
compiling stm32f10x_flash.c...
compiling misc.c...
compiling stm32f10x_gpio.c...
compiling stm32f10x_usart.c...
compiling stm32f10x_rcc.c...
compiling core_cm3.c...
compiling system_stm32f10x.c...
assembling startup_stm32f10x_hd.s...
linking...
Program Size: Code=8796 RO-data=336 RW-data=56 ZI-data=1168  
FromELF: creating hex file...
"..\Output\Obj\GET_IR.axf" - 0 Errors, 0 Warning(s).
Rebuild target 'NOKIA_5110'
compiling reprintf.c...
compiling main.c...
compiling stm32f10x_it.c...
compiling stm32f10x_tim.c...
compiling stm32f10x_exti.c...
compiling stm32f10x_flash.c...
compiling misc.c...
compiling stm32f10x_gpio.c...
compiling stm32f10x_usart.c...
compiling stm32f10x_rcc.c...
compiling core_cm3.c...
compiling system_stm32f10x.c...
assembling startup_stm32f10x_hd.s...
linking...
Program Size: Code=8724 RO-data=336 RW-data=56 ZI-data=1168  
FromELF: creating hex file...
"..\Output\Obj\GET_IR.axf" - 0 Errors, 0 Warning(s).
Rebuild target 'NOKIA_5110'
compiling reprintf.c...
compiling main.c...
compiling stm32f10x_it.c...
compiling stm32f10x_tim.c...
compiling stm32f10x_exti.c...
compiling stm32f10x_flash.c...
compiling misc.c...
compiling stm32f10x_gpio.c...
compiling stm32f10x_usart.c...
compiling stm32f10x_rcc.c...
compiling core_cm3.c...
compiling system_stm32f10x.c...
assembling startup_stm32f10x_hd.s...
linking...
Program Size: Code=8736 RO-data=336 RW-data=56 ZI-data=1168  
FromELF: creating hex file...
"..\Output\Obj\GET_IR.axf" - 0 Errors, 0 Warning(s).
Rebuild target 'NOKIA_5110'
compiling reprintf.c...
compiling main.c...
compiling stm32f10x_it.c...
compiling stm32f10x_tim.c...
compiling stm32f10x_exti.c...
compiling stm32f10x_flash.c...
compiling misc.c...
compiling stm32f10x_gpio.c...
compiling stm32f10x_usart.c...
compiling stm32f10x_rcc.c...
compiling core_cm3.c...
compiling system_stm32f10x.c...
assembling startup_stm32f10x_hd.s...
linking...
Program Size: Code=8748 RO-data=336 RW-data=56 ZI-data=1168  
FromELF: creating hex file...
"..\Output\Obj\GET_IR.axf" - 0 Errors, 0 Warning(s).
Rebuild target 'NOKIA_5110'
compiling reprintf.c...
compiling main.c...
compiling stm32f10x_it.c...
compiling stm32f10x_tim.c...
compiling stm32f10x_exti.c...
compiling stm32f10x_flash.c...
compiling misc.c...
compiling stm32f10x_gpio.c...
compiling stm32f10x_usart.c...
compiling stm32f10x_rcc.c...
compiling core_cm3.c...
compiling system_stm32f10x.c...
assembling startup_stm32f10x_hd.s...
linking...
Program Size: Code=8744 RO-data=336 RW-data=56 ZI-data=1168  
FromELF: creating hex file...
"..\Output\Obj\GET_IR.axf" - 0 Errors, 0 Warning(s).
Rebuild target 'NOKIA_5110'
compiling reprintf.c...
compiling main.c...
compiling stm32f10x_it.c...
compiling stm32f10x_tim.c...
compiling stm32f10x_exti.c...
compiling stm32f10x_flash.c...
compiling misc.c...
compiling stm32f10x_gpio.c...
compiling stm32f10x_usart.c...
compiling stm32f10x_rcc.c...
compiling core_cm3.c...
compiling system_stm32f10x.c...
assembling startup_stm32f10x_hd.s...
linking...
Program Size: Code=8740 RO-data=336 RW-data=56 ZI-data=1168  
FromELF: creating hex file...
"..\Output\Obj\GET_IR.axf" - 0 Errors, 0 Warning(s).
Rebuild target 'NOKIA_5110'
compiling reprintf.c...
compiling main.c...
compiling stm32f10x_it.c...
..\Code\stm32f10x_it.c(226): warning:  #177-D: variable "Bit_star" was declared but never referenced
compiling stm32f10x_tim.c...
compiling stm32f10x_exti.c...
compiling stm32f10x_flash.c...
compiling misc.c...
compiling stm32f10x_gpio.c...
compiling stm32f10x_usart.c...
compiling stm32f10x_rcc.c...
compiling core_cm3.c...
compiling system_stm32f10x.c...
assembling startup_stm32f10x_hd.s...
linking...
Program Size: Code=8588 RO-data=336 RW-data=56 ZI-data=1168  
FromELF: creating hex file...
"..\Output\Obj\GET_IR.axf" - 0 Errors, 1 Warning(s).
Rebuild target 'NOKIA_5110'
compiling reprintf.c...
compiling main.c...
compiling stm32f10x_it.c...
..\Code\stm32f10x_it.c(226): warning:  #177-D: variable "Bit_star" was declared but never referenced
compiling stm32f10x_tim.c...
compiling stm32f10x_exti.c...
compiling stm32f10x_flash.c...
compiling misc.c...
compiling stm32f10x_gpio.c...
compiling stm32f10x_usart.c...
compiling stm32f10x_rcc.c...
compiling core_cm3.c...
compiling system_stm32f10x.c...
assembling startup_stm32f10x_hd.s...
linking...
Program Size: Code=8624 RO-data=336 RW-data=56 ZI-data=1168  
FromELF: creating hex file...
"..\Output\Obj\GET_IR.axf" - 0 Errors, 1 Warning(s).
Rebuild target 'NOKIA_5110'
compiling reprintf.c...
compiling main.c...
compiling stm32f10x_it.c...
compiling stm32f10x_tim.c...
compiling stm32f10x_exti.c...
compiling stm32f10x_flash.c...
compiling misc.c...
compiling stm32f10x_gpio.c...
compiling stm32f10x_usart.c...
compiling stm32f10x_rcc.c...
compiling core_cm3.c...
compiling system_stm32f10x.c...
assembling startup_stm32f10x_hd.s...
linking...
Program Size: Code=8668 RO-data=336 RW-data=56 ZI-data=1168  
FromELF: creating hex file...
"..\Output\Obj\GET_IR.axf" - 0 Errors, 0 Warning(s).
Rebuild target 'NOKIA_5110'
compiling reprintf.c...
compiling main.c...
compiling stm32f10x_it.c...
compiling stm32f10x_tim.c...
compiling stm32f10x_exti.c...
compiling stm32f10x_flash.c...
compiling misc.c...
compiling stm32f10x_gpio.c...
compiling stm32f10x_usart.c...
compiling stm32f10x_rcc.c...
compiling core_cm3.c...
compiling system_stm32f10x.c...
assembling startup_stm32f10x_hd.s...
linking...
Program Size: Code=8668 RO-data=336 RW-data=56 ZI-data=1168  
FromELF: creating hex file...
"..\Output\Obj\GET_IR.axf" - 0 Errors, 0 Warning(s).
Rebuild target 'NOKIA_5110'
compiling reprintf.c...
compiling main.c...
compiling stm32f10x_it.c...
..\Code\stm32f10x_it.c(259): error:  #169: expected a declaration
..\Code\stm32f10x_it.c(547): warning:  #12-D: parsing restarts here after previous syntax error
compiling stm32f10x_tim.c...
compiling stm32f10x_exti.c...
compiling stm32f10x_flash.c...
compiling misc.c...
compiling stm32f10x_gpio.c...
compiling stm32f10x_usart.c...
compiling stm32f10x_rcc.c...
compiling core_cm3.c...
compiling system_stm32f10x.c...
assembling startup_stm32f10x_hd.s...
"..\Output\Obj\GET_IR.axf" - 1 Errors, 1 Warning(s).
Target not created
Rebuild target 'NOKIA_5110'
compiling reprintf.c...
compiling main.c...
compiling stm32f10x_it.c...
compiling stm32f10x_tim.c...
compiling stm32f10x_exti.c...
compiling stm32f10x_flash.c...
compiling misc.c...
compiling stm32f10x_gpio.c...
compiling stm32f10x_usart.c...
compiling stm32f10x_rcc.c...
compiling core_cm3.c...
compiling system_stm32f10x.c...
assembling startup_stm32f10x_hd.s...
linking...
Program Size: Code=8620 RO-data=336 RW-data=56 ZI-data=1168  
FromELF: creating hex file...
"..\Output\Obj\GET_IR.axf" - 0 Errors, 0 Warning(s).
Rebuild target 'NOKIA_5110'
compiling reprintf.c...
compiling main.c...
compiling stm32f10x_it.c...
compiling stm32f10x_tim.c...
compiling stm32f10x_exti.c...
compiling stm32f10x_flash.c...
compiling misc.c...
compiling stm32f10x_gpio.c...
compiling stm32f10x_usart.c...
compiling stm32f10x_rcc.c...
compiling core_cm3.c...
compiling system_stm32f10x.c...
assembling startup_stm32f10x_hd.s...
linking...
Program Size: Code=8624 RO-data=336 RW-data=56 ZI-data=1168  
FromELF: creating hex file...
"..\Output\Obj\GET_IR.axf" - 0 Errors, 0 Warning(s).
Rebuild target 'NOKIA_5110'
compiling reprintf.c...
compiling main.c...
compiling stm32f10x_it.c...
compiling stm32f10x_tim.c...
compiling stm32f10x_exti.c...
compiling stm32f10x_flash.c...
compiling misc.c...
compiling stm32f10x_gpio.c...
compiling stm32f10x_usart.c...
compiling stm32f10x_rcc.c...
compiling core_cm3.c...
compiling system_stm32f10x.c...
assembling startup_stm32f10x_hd.s...
linking...
Program Size: Code=8628 RO-data=336 RW-data=56 ZI-data=1168  
FromELF: creating hex file...
"..\Output\Obj\GET_IR.axf" - 0 Errors, 0 Warning(s).
Rebuild target 'NOKIA_5110'
compiling reprintf.c...
compiling main.c...
compiling stm32f10x_it.c...
compiling stm32f10x_tim.c...
compiling stm32f10x_exti.c...
compiling stm32f10x_flash.c...
compiling misc.c...
compiling stm32f10x_gpio.c...
compiling stm32f10x_usart.c...
compiling stm32f10x_rcc.c...
compiling core_cm3.c...
compiling system_stm32f10x.c...
assembling startup_stm32f10x_hd.s...
linking...
Program Size: Code=8688 RO-data=336 RW-data=56 ZI-data=1072  
FromELF: creating hex file...
"..\Output\Obj\GET_IR.axf" - 0 Errors, 0 Warning(s).
Rebuild target 'NOKIA_5110'
compiling reprintf.c...
compiling main.c...
compiling stm32f10x_it.c...
compiling stm32f10x_tim.c...
compiling stm32f10x_exti.c...
compiling stm32f10x_flash.c...
compiling misc.c...
compiling stm32f10x_gpio.c...
compiling stm32f10x_usart.c...
compiling stm32f10x_rcc.c...
compiling core_cm3.c...
compiling system_stm32f10x.c...
assembling startup_stm32f10x_hd.s...
linking...
Program Size: Code=8796 RO-data=336 RW-data=60 ZI-data=1076  
FromELF: creating hex file...
"..\Output\Obj\GET_IR.axf" - 0 Errors, 0 Warning(s).
Rebuild target 'NOKIA_5110'
compiling reprintf.c...
compiling main.c...
compiling stm32f10x_it.c...
compiling stm32f10x_tim.c...
compiling stm32f10x_exti.c...
compiling stm32f10x_flash.c...
compiling misc.c...
compiling stm32f10x_gpio.c...
compiling stm32f10x_usart.c...
compiling stm32f10x_rcc.c...
compiling core_cm3.c...
compiling system_stm32f10x.c...
assembling startup_stm32f10x_hd.s...
linking...
Program Size: Code=8944 RO-data=336 RW-data=60 ZI-data=1076  
FromELF: creating hex file...
"..\Output\Obj\GET_IR.axf" - 0 Errors, 0 Warning(s).
Rebuild target 'NOKIA_5110'
compiling reprintf.c...
compiling main.c...
compiling stm32f10x_it.c...
compiling stm32f10x_tim.c...
compiling stm32f10x_exti.c...
compiling stm32f10x_flash.c...
compiling misc.c...
compiling stm32f10x_gpio.c...
compiling stm32f10x_usart.c...
compiling stm32f10x_rcc.c...
compiling core_cm3.c...
compiling system_stm32f10x.c...
assembling startup_stm32f10x_hd.s...
linking...
Program Size: Code=8944 RO-data=336 RW-data=60 ZI-data=1076  
FromELF: creating hex file...
"..\Output\Obj\GET_IR.axf" - 0 Errors, 0 Warning(s).
Rebuild target 'NOKIA_5110'
compiling reprintf.c...
compiling main.c...
compiling stm32f10x_it.c...
compiling stm32f10x_tim.c...
compiling stm32f10x_exti.c...
compiling stm32f10x_flash.c...
compiling misc.c...
compiling stm32f10x_gpio.c...
compiling stm32f10x_usart.c...
compiling stm32f10x_rcc.c...
compiling core_cm3.c...
compiling system_stm32f10x.c...
assembling startup_stm32f10x_hd.s...
linking...
Program Size: Code=9340 RO-data=336 RW-data=60 ZI-data=1076  
FromELF: creating hex file...
"..\Output\Obj\GET_IR.axf" - 0 Errors, 0 Warning(s).
Rebuild target 'NOKIA_5110'
compiling reprintf.c...
compiling main.c...
compiling stm32f10x_it.c...
compiling stm32f10x_tim.c...
compiling stm32f10x_exti.c...
compiling stm32f10x_flash.c...
compiling misc.c...
compiling stm32f10x_gpio.c...
compiling stm32f10x_usart.c...
compiling stm32f10x_rcc.c...
compiling core_cm3.c...
compiling system_stm32f10x.c...
assembling startup_stm32f10x_hd.s...
linking...
Program Size: Code=9320 RO-data=336 RW-data=60 ZI-data=1076  
FromELF: creating hex file...
"..\Output\Obj\GET_IR.axf" - 0 Errors, 0 Warning(s).
Rebuild target 'NOKIA_5110'
compiling reprintf.c...
compiling main.c...
compiling stm32f10x_it.c...
compiling stm32f10x_tim.c...
compiling stm32f10x_exti.c...
compiling stm32f10x_flash.c...
compiling misc.c...
compiling stm32f10x_gpio.c...
compiling stm32f10x_usart.c...
compiling stm32f10x_rcc.c...
compiling core_cm3.c...
compiling system_stm32f10x.c...
assembling startup_stm32f10x_hd.s...
linking...
Program Size: Code=9320 RO-data=336 RW-data=60 ZI-data=1076  
FromELF: creating hex file...
"..\Output\Obj\GET_IR.axf" - 0 Errors, 0 Warning(s).
Rebuild target 'NOKIA_5110'
compiling reprintf.c...
compiling main.c...
compiling stm32f10x_it.c...
compiling stm32f10x_tim.c...
compiling stm32f10x_exti.c...
compiling stm32f10x_flash.c...
compiling misc.c...
compiling stm32f10x_gpio.c...
compiling stm32f10x_usart.c...
compiling stm32f10x_rcc.c...
compiling core_cm3.c...
compiling system_stm32f10x.c...
assembling startup_stm32f10x_hd.s...
linking...
Program Size: Code=9416 RO-data=336 RW-data=68 ZI-data=1076  
FromELF: creating hex file...
"..\Output\Obj\GET_IR.axf" - 0 Errors, 0 Warning(s).
Rebuild target 'NOKIA_5110'
compiling reprintf.c...
compiling main.c...
compiling stm32f10x_it.c...
compiling stm32f10x_tim.c...
compiling stm32f10x_exti.c...
compiling stm32f10x_flash.c...
compiling misc.c...
compiling stm32f10x_gpio.c...
compiling stm32f10x_usart.c...
compiling stm32f10x_rcc.c...
compiling core_cm3.c...
compiling system_stm32f10x.c...
assembling startup_stm32f10x_hd.s...
linking...
Program Size: Code=9416 RO-data=336 RW-data=68 ZI-data=1076  
FromELF: creating hex file...
"..\Output\Obj\GET_IR.axf" - 0 Errors, 0 Warning(s).
Rebuild target 'NOKIA_5110'
compiling reprintf.c...
compiling main.c...
compiling stm32f10x_it.c...
compiling stm32f10x_tim.c...
compiling stm32f10x_exti.c...
compiling stm32f10x_flash.c...
compiling misc.c...
compiling stm32f10x_gpio.c...
compiling stm32f10x_usart.c...
compiling stm32f10x_rcc.c...
compiling core_cm3.c...
compiling system_stm32f10x.c...
assembling startup_stm32f10x_hd.s...
linking...
Program Size: Code=9448 RO-data=336 RW-data=68 ZI-data=1092  
FromELF: creating hex file...
"..\Output\Obj\GET_IR.axf" - 0 Errors, 0 Warning(s).
Build target 'NOKIA_5110'
linking...
Program Size: Code=9448 RO-data=336 RW-data=68 ZI-data=1092  
FromELF: creating hex file...
"..\Output\Obj\GET_IR.axf" - 0 Errors, 0 Warning(s).
Rebuild target 'NOKIA_5110'
compiling reprintf.c...
compiling main.c...
compiling stm32f10x_it.c...
compiling stm32f10x_tim.c...
compiling stm32f10x_exti.c...
compiling stm32f10x_flash.c...
compiling misc.c...
compiling stm32f10x_gpio.c...
compiling stm32f10x_usart.c...
compiling stm32f10x_rcc.c...
compiling core_cm3.c...
compiling system_stm32f10x.c...
assembling startup_stm32f10x_hd.s...
linking...
Program Size: Code=9448 RO-data=336 RW-data=68 ZI-data=1092  
FromELF: creating hex file...
"..\Output\Obj\GET_IR.axf" - 0 Errors, 0 Warning(s).
Rebuild target 'NOKIA_5110'
compiling reprintf.c...
compiling main.c...
compiling stm32f10x_it.c...
compiling stm32f10x_tim.c...
compiling stm32f10x_exti.c...
compiling stm32f10x_flash.c...
compiling misc.c...
compiling stm32f10x_gpio.c...
compiling stm32f10x_usart.c...
compiling stm32f10x_rcc.c...
compiling core_cm3.c...
compiling system_stm32f10x.c...
assembling startup_stm32f10x_hd.s...
linking...
Program Size: Code=9464 RO-data=336 RW-data=68 ZI-data=1092  
FromELF: creating hex file...
"..\Output\Obj\GET_IR.axf" - 0 Errors, 0 Warning(s).
