<html>
<body>
<pre>
<h1>µVision Build Log</h1>
<h2>Project:</h2>
D:\kinh_ doanh\project\PROJECT_lam_cho_khach\Dat_Mach\REMOTE CONTROL IR\CODE_IR_V1.0.0\Project\KeilC\NOKIA_5110.uvproj
Project File Date:  11/27/2016

<h2>Output:</h2>
Rebuild target 'NOKIA_5110'
compiling reprintf.c...
compiling main.c...
compiling stm32f10x_it.c...
compiling stm32f10x_tim.c...
compiling stm32f10x_exti.c...
compiling stm32f10x_flash.c...
compiling 24cxx.c...
compiling i2c.c...
compiling lcd_16x2.c...
compiling misc.c...
compiling stm32f10x_gpio.c...
compiling stm32f10x_usart.c...
compiling stm32f10x_rcc.c...
compiling core_cm3.c...
compiling system_stm32f10x.c...
assembling startup_stm32f10x_hd.s...
linking...
Program Size: Code=14460 RO-data=336 RW-data=76 ZI-data=1396  
FromELF: creating hex file...
"..\Output\Obj\GET_IR.axf" - 0 Errors, 0 Warning(s).
Rebuild target 'NOKIA_5110'
compiling reprintf.c...
compiling main.c...
compiling stm32f10x_it.c...
compiling stm32f10x_tim.c...
compiling stm32f10x_exti.c...
compiling stm32f10x_flash.c...
compiling 24cxx.c...
compiling i2c.c...
compiling lcd_16x2.c...
compiling misc.c...
compiling stm32f10x_gpio.c...
compiling stm32f10x_usart.c...
compiling stm32f10x_rcc.c...
compiling core_cm3.c...
compiling system_stm32f10x.c...
assembling startup_stm32f10x_hd.s...
linking...
Program Size: Code=14460 RO-data=336 RW-data=76 ZI-data=1396  
FromELF: creating hex file...
"..\Output\Obj\GET_IR.axf" - 0 Errors, 0 Warning(s).
Rebuild target 'NOKIA_5110'
compiling reprintf.c...
compiling main.c...
compiling stm32f10x_it.c...
compiling stm32f10x_tim.c...
compiling stm32f10x_exti.c...
compiling stm32f10x_flash.c...
compiling 24cxx.c...
compiling i2c.c...
compiling lcd_16x2.c...
compiling misc.c...
compiling stm32f10x_gpio.c...
compiling stm32f10x_usart.c...
compiling stm32f10x_rcc.c...
compiling core_cm3.c...
compiling system_stm32f10x.c...
assembling startup_stm32f10x_hd.s...
linking...
Program Size: Code=14440 RO-data=336 RW-data=76 ZI-data=1396  
FromELF: creating hex file...
"..\Output\Obj\GET_IR.axf" - 0 Errors, 0 Warning(s).
Rebuild target 'NOKIA_5110'
compiling reprintf.c...
compiling main.c...
compiling stm32f10x_it.c...
compiling stm32f10x_tim.c...
compiling stm32f10x_exti.c...
compiling stm32f10x_flash.c...
compiling 24cxx.c...
compiling i2c.c...
compiling lcd_16x2.c...
compiling misc.c...
compiling stm32f10x_gpio.c...
compiling stm32f10x_usart.c...
compiling stm32f10x_rcc.c...
compiling core_cm3.c...
compiling system_stm32f10x.c...
assembling startup_stm32f10x_hd.s...
linking...
Program Size: Code=14432 RO-data=336 RW-data=76 ZI-data=1396  
FromELF: creating hex file...
"..\Output\Obj\GET_IR.axf" - 0 Errors, 0 Warning(s).
Rebuild target 'NOKIA_5110'
compiling reprintf.c...
compiling main.c...
compiling stm32f10x_it.c...
compiling stm32f10x_tim.c...
compiling stm32f10x_exti.c...
compiling stm32f10x_flash.c...
compiling 24cxx.c...
compiling i2c.c...
compiling lcd_16x2.c...
compiling misc.c...
compiling stm32f10x_gpio.c...
compiling stm32f10x_usart.c...
compiling stm32f10x_rcc.c...
compiling core_cm3.c...
compiling system_stm32f10x.c...
assembling startup_stm32f10x_hd.s...
linking...
Program Size: Code=14360 RO-data=336 RW-data=76 ZI-data=1396  
FromELF: creating hex file...
"..\Output\Obj\GET_IR.axf" - 0 Errors, 0 Warning(s).
Rebuild target 'NOKIA_5110'
compiling reprintf.c...
compiling main.c...
compiling stm32f10x_it.c...
compiling stm32f10x_tim.c...
compiling stm32f10x_exti.c...
compiling stm32f10x_flash.c...
compiling 24cxx.c...
compiling i2c.c...
compiling lcd_16x2.c...
compiling misc.c...
compiling stm32f10x_gpio.c...
compiling stm32f10x_usart.c...
compiling stm32f10x_rcc.c...
compiling core_cm3.c...
compiling system_stm32f10x.c...
assembling startup_stm32f10x_hd.s...
linking...
Program Size: Code=14360 RO-data=336 RW-data=76 ZI-data=1396  
FromELF: creating hex file...
"..\Output\Obj\GET_IR.axf" - 0 Errors, 0 Warning(s).
Rebuild target 'NOKIA_5110'
compiling reprintf.c...
compiling main.c...
compiling stm32f10x_it.c...
compiling stm32f10x_tim.c...
compiling stm32f10x_exti.c...
compiling stm32f10x_flash.c...
compiling 24cxx.c...
compiling i2c.c...
compiling lcd_16x2.c...
compiling misc.c...
compiling stm32f10x_gpio.c...
compiling stm32f10x_usart.c...
compiling stm32f10x_rcc.c...
compiling core_cm3.c...
compiling system_stm32f10x.c...
assembling startup_stm32f10x_hd.s...
linking...
Program Size: Code=14420 RO-data=336 RW-data=76 ZI-data=1396  
FromELF: creating hex file...
"..\Output\Obj\GET_IR.axf" - 0 Errors, 0 Warning(s).
Rebuild target 'NOKIA_5110'
compiling reprintf.c...
compiling main.c...
compiling stm32f10x_it.c...
compiling stm32f10x_tim.c...
compiling stm32f10x_exti.c...
compiling stm32f10x_flash.c...
compiling 24cxx.c...
compiling i2c.c...
compiling lcd_16x2.c...
compiling misc.c...
compiling stm32f10x_gpio.c...
compiling stm32f10x_usart.c...
compiling stm32f10x_rcc.c...
compiling core_cm3.c...
compiling system_stm32f10x.c...
assembling startup_stm32f10x_hd.s...
linking...
Program Size: Code=14420 RO-data=336 RW-data=76 ZI-data=1396  
FromELF: creating hex file...
"..\Output\Obj\GET_IR.axf" - 0 Errors, 0 Warning(s).
Rebuild target 'NOKIA_5110'
compiling reprintf.c...
compiling main.c...
compiling stm32f10x_it.c...
compiling stm32f10x_tim.c...
compiling stm32f10x_exti.c...
compiling stm32f10x_flash.c...
compiling 24cxx.c...
compiling i2c.c...
compiling lcd_16x2.c...
compiling misc.c...
compiling stm32f10x_gpio.c...
compiling stm32f10x_usart.c...
compiling stm32f10x_rcc.c...
compiling core_cm3.c...
compiling system_stm32f10x.c...
assembling startup_stm32f10x_hd.s...
linking...
Program Size: Code=14420 RO-data=336 RW-data=76 ZI-data=1396  
FromELF: creating hex file...
"..\Output\Obj\GET_IR.axf" - 0 Errors, 0 Warning(s).
Rebuild target 'NOKIA_5110'
compiling reprintf.c...
compiling main.c...
compiling stm32f10x_it.c...
compiling stm32f10x_tim.c...
compiling stm32f10x_exti.c...
compiling stm32f10x_flash.c...
compiling 24cxx.c...
compiling i2c.c...
compiling lcd_16x2.c...
compiling misc.c...
compiling stm32f10x_gpio.c...
compiling stm32f10x_usart.c...
compiling stm32f10x_rcc.c...
compiling core_cm3.c...
compiling system_stm32f10x.c...
assembling startup_stm32f10x_hd.s...
linking...
Program Size: Code=14384 RO-data=336 RW-data=76 ZI-data=1396  
FromELF: creating hex file...
"..\Output\Obj\GET_IR.axf" - 0 Errors, 0 Warning(s).
Rebuild target 'NOKIA_5110'
compiling reprintf.c...
compiling main.c...
compiling stm32f10x_it.c...
compiling stm32f10x_tim.c...
compiling stm32f10x_exti.c...
compiling stm32f10x_flash.c...
compiling 24cxx.c...
compiling i2c.c...
compiling lcd_16x2.c...
compiling misc.c...
compiling stm32f10x_gpio.c...
compiling stm32f10x_usart.c...
compiling stm32f10x_rcc.c...
compiling core_cm3.c...
compiling system_stm32f10x.c...
assembling startup_stm32f10x_hd.s...
linking...
Program Size: Code=14340 RO-data=336 RW-data=76 ZI-data=1396  
FromELF: creating hex file...
"..\Output\Obj\GET_IR.axf" - 0 Errors, 0 Warning(s).
Rebuild target 'NOKIA_5110'
compiling reprintf.c...
compiling main.c...
compiling stm32f10x_it.c...
compiling stm32f10x_tim.c...
compiling stm32f10x_exti.c...
compiling stm32f10x_flash.c...
compiling 24cxx.c...
compiling i2c.c...
compiling lcd_16x2.c...
compiling misc.c...
compiling stm32f10x_gpio.c...
compiling stm32f10x_usart.c...
compiling stm32f10x_rcc.c...
compiling core_cm3.c...
compiling system_stm32f10x.c...
assembling startup_stm32f10x_hd.s...
linking...
Program Size: Code=14328 RO-data=336 RW-data=76 ZI-data=1396  
FromELF: creating hex file...
"..\Output\Obj\GET_IR.axf" - 0 Errors, 0 Warning(s).
Rebuild target 'NOKIA_5110'
compiling reprintf.c...
compiling main.c...
compiling stm32f10x_it.c...
compiling stm32f10x_tim.c...
compiling stm32f10x_exti.c...
compiling stm32f10x_flash.c...
compiling 24cxx.c...
compiling i2c.c...
compiling lcd_16x2.c...
compiling misc.c...
compiling stm32f10x_gpio.c...
compiling stm32f10x_usart.c...
compiling stm32f10x_rcc.c...
compiling core_cm3.c...
compiling system_stm32f10x.c...
assembling startup_stm32f10x_hd.s...
linking...
Program Size: Code=14328 RO-data=336 RW-data=76 ZI-data=1396  
FromELF: creating hex file...
"..\Output\Obj\GET_IR.axf" - 0 Errors, 0 Warning(s).
Rebuild target 'NOKIA_5110'
compiling reprintf.c...
compiling main.c...
compiling stm32f10x_it.c...
compiling stm32f10x_tim.c...
compiling stm32f10x_exti.c...
compiling stm32f10x_flash.c...
compiling 24cxx.c...
compiling i2c.c...
compiling lcd_16x2.c...
compiling misc.c...
compiling stm32f10x_gpio.c...
compiling stm32f10x_usart.c...
compiling stm32f10x_rcc.c...
compiling core_cm3.c...
compiling system_stm32f10x.c...
assembling startup_stm32f10x_hd.s...
linking...
Program Size: Code=14324 RO-data=336 RW-data=76 ZI-data=1396  
FromELF: creating hex file...
"..\Output\Obj\GET_IR.axf" - 0 Errors, 0 Warning(s).
Rebuild target 'NOKIA_5110'
compiling reprintf.c...
compiling main.c...
compiling stm32f10x_it.c...
compiling stm32f10x_tim.c...
compiling stm32f10x_exti.c...
compiling stm32f10x_flash.c...
compiling 24cxx.c...
compiling i2c.c...
compiling lcd_16x2.c...
compiling misc.c...
compiling stm32f10x_gpio.c...
compiling stm32f10x_usart.c...
compiling stm32f10x_rcc.c...
compiling core_cm3.c...
compiling system_stm32f10x.c...
assembling startup_stm32f10x_hd.s...
linking...
Program Size: Code=14448 RO-data=336 RW-data=116 ZI-data=1076  
FromELF: creating hex file...
"..\Output\Obj\GET_IR.axf" - 0 Errors, 0 Warning(s).
Rebuild target 'NOKIA_5110'
compiling reprintf.c...
compiling main.c...
compiling stm32f10x_it.c...
compiling stm32f10x_tim.c...
compiling stm32f10x_exti.c...
compiling stm32f10x_flash.c...
compiling 24cxx.c...
compiling i2c.c...
compiling lcd_16x2.c...
compiling misc.c...
compiling stm32f10x_gpio.c...
compiling stm32f10x_usart.c...
compiling stm32f10x_rcc.c...
compiling core_cm3.c...
compiling system_stm32f10x.c...
assembling startup_stm32f10x_hd.s...
linking...
Program Size: Code=14304 RO-data=336 RW-data=116 ZI-data=1076  
FromELF: creating hex file...
"..\Output\Obj\GET_IR.axf" - 0 Errors, 0 Warning(s).
Rebuild target 'NOKIA_5110'
compiling reprintf.c...
compiling main.c...
compiling stm32f10x_it.c...
compiling stm32f10x_tim.c...
compiling stm32f10x_exti.c...
compiling stm32f10x_flash.c...
compiling 24cxx.c...
compiling i2c.c...
compiling lcd_16x2.c...
compiling misc.c...
compiling stm32f10x_gpio.c...
compiling stm32f10x_usart.c...
compiling stm32f10x_rcc.c...
compiling core_cm3.c...
compiling system_stm32f10x.c...
assembling startup_stm32f10x_hd.s...
linking...
Program Size: Code=14304 RO-data=336 RW-data=116 ZI-data=1076  
FromELF: creating hex file...
"..\Output\Obj\GET_IR.axf" - 0 Errors, 0 Warning(s).
Rebuild target 'NOKIA_5110'
compiling reprintf.c...
compiling main.c...
compiling stm32f10x_it.c...
compiling stm32f10x_tim.c...
compiling stm32f10x_exti.c...
compiling stm32f10x_flash.c...
compiling 24cxx.c...
compiling i2c.c...
compiling lcd_16x2.c...
compiling misc.c...
compiling stm32f10x_gpio.c...
compiling stm32f10x_usart.c...
compiling stm32f10x_rcc.c...
compiling core_cm3.c...
compiling system_stm32f10x.c...
assembling startup_stm32f10x_hd.s...
linking...
Program Size: Code=14316 RO-data=336 RW-data=116 ZI-data=1076  
FromELF: creating hex file...
"..\Output\Obj\GET_IR.axf" - 0 Errors, 0 Warning(s).
Rebuild target 'NOKIA_5110'
compiling reprintf.c...
compiling main.c...
compiling stm32f10x_it.c...
compiling stm32f10x_tim.c...
compiling stm32f10x_exti.c...
compiling stm32f10x_flash.c...
compiling 24cxx.c...
compiling i2c.c...
compiling lcd_16x2.c...
compiling misc.c...
compiling stm32f10x_gpio.c...
compiling stm32f10x_usart.c...
compiling stm32f10x_rcc.c...
compiling core_cm3.c...
compiling system_stm32f10x.c...
assembling startup_stm32f10x_hd.s...
linking...
Program Size: Code=14316 RO-data=336 RW-data=116 ZI-data=1076  
FromELF: creating hex file...
"..\Output\Obj\GET_IR.axf" - 0 Errors, 0 Warning(s).
Rebuild target 'NOKIA_5110'
compiling reprintf.c...
compiling main.c...
compiling stm32f10x_it.c...
compiling stm32f10x_tim.c...
compiling stm32f10x_exti.c...
compiling stm32f10x_flash.c...
compiling 24cxx.c...
compiling i2c.c...
compiling lcd_16x2.c...
compiling misc.c...
compiling stm32f10x_gpio.c...
compiling stm32f10x_usart.c...
compiling stm32f10x_rcc.c...
compiling core_cm3.c...
compiling system_stm32f10x.c...
assembling startup_stm32f10x_hd.s...
linking...
Program Size: Code=14372 RO-data=336 RW-data=120 ZI-data=1072  
FromELF: creating hex file...
"..\Output\Obj\GET_IR.axf" - 0 Errors, 0 Warning(s).
Rebuild target 'NOKIA_5110'
compiling reprintf.c...
compiling main.c...
compiling stm32f10x_it.c...
compiling stm32f10x_tim.c...
compiling stm32f10x_exti.c...
compiling stm32f10x_flash.c...
compiling 24cxx.c...
compiling i2c.c...
compiling lcd_16x2.c...
compiling misc.c...
compiling stm32f10x_gpio.c...
compiling stm32f10x_usart.c...
compiling stm32f10x_rcc.c...
compiling core_cm3.c...
compiling system_stm32f10x.c...
assembling startup_stm32f10x_hd.s...
linking...
Program Size: Code=14612 RO-data=336 RW-data=124 ZI-data=1076  
FromELF: creating hex file...
"..\Output\Obj\GET_IR.axf" - 0 Errors, 0 Warning(s).
Rebuild target 'NOKIA_5110'
compiling reprintf.c...
compiling main.c...
compiling stm32f10x_it.c...
compiling stm32f10x_tim.c...
compiling stm32f10x_exti.c...
compiling stm32f10x_flash.c...
compiling 24cxx.c...
compiling i2c.c...
compiling lcd_16x2.c...
compiling misc.c...
compiling stm32f10x_gpio.c...
compiling stm32f10x_usart.c...
compiling stm32f10x_rcc.c...
compiling core_cm3.c...
compiling system_stm32f10x.c...
assembling startup_stm32f10x_hd.s...
linking...
Program Size: Code=14612 RO-data=336 RW-data=124 ZI-data=1076  
FromELF: creating hex file...
"..\Output\Obj\GET_IR.axf" - 0 Errors, 0 Warning(s).
Rebuild target 'NOKIA_5110'
compiling reprintf.c...
compiling main.c...
compiling stm32f10x_it.c...
compiling stm32f10x_tim.c...
compiling stm32f10x_exti.c...
compiling stm32f10x_flash.c...
compiling 24cxx.c...
compiling i2c.c...
compiling lcd_16x2.c...
compiling misc.c...
compiling stm32f10x_gpio.c...
compiling stm32f10x_usart.c...
compiling stm32f10x_rcc.c...
compiling core_cm3.c...
compiling system_stm32f10x.c...
assembling startup_stm32f10x_hd.s...
linking...
Program Size: Code=14620 RO-data=336 RW-data=124 ZI-data=1076  
FromELF: creating hex file...
"..\Output\Obj\GET_IR.axf" - 0 Errors, 0 Warning(s).
Rebuild target 'NOKIA_5110'
compiling reprintf.c...
compiling main.c...
compiling stm32f10x_it.c...
compiling stm32f10x_tim.c...
compiling stm32f10x_exti.c...
compiling stm32f10x_flash.c...
compiling 24cxx.c...
compiling i2c.c...
compiling lcd_16x2.c...
compiling misc.c...
compiling stm32f10x_gpio.c...
compiling stm32f10x_usart.c...
compiling stm32f10x_rcc.c...
compiling core_cm3.c...
compiling system_stm32f10x.c...
assembling startup_stm32f10x_hd.s...
linking...
Program Size: Code=14620 RO-data=336 RW-data=124 ZI-data=1076  
FromELF: creating hex file...
"..\Output\Obj\GET_IR.axf" - 0 Errors, 0 Warning(s).
Rebuild target 'NOKIA_5110'
compiling reprintf.c...
compiling main.c...
compiling stm32f10x_it.c...
compiling stm32f10x_tim.c...
compiling stm32f10x_exti.c...
compiling stm32f10x_flash.c...
compiling 24cxx.c...
compiling i2c.c...
compiling lcd_16x2.c...
compiling misc.c...
compiling stm32f10x_gpio.c...
compiling stm32f10x_usart.c...
compiling stm32f10x_rcc.c...
compiling core_cm3.c...
compiling system_stm32f10x.c...
assembling startup_stm32f10x_hd.s...
linking...
Program Size: Code=14624 RO-data=336 RW-data=124 ZI-data=1076  
FromELF: creating hex file...
"..\Output\Obj\GET_IR.axf" - 0 Errors, 0 Warning(s).
Rebuild target 'NOKIA_5110'
compiling reprintf.c...
compiling main.c...
compiling stm32f10x_it.c...
compiling stm32f10x_tim.c...
compiling stm32f10x_exti.c...
compiling stm32f10x_flash.c...
compiling 24cxx.c...
compiling i2c.c...
compiling lcd_16x2.c...
compiling misc.c...
compiling stm32f10x_gpio.c...
compiling stm32f10x_usart.c...
compiling stm32f10x_rcc.c...
compiling core_cm3.c...
compiling system_stm32f10x.c...
assembling startup_stm32f10x_hd.s...
linking...
Program Size: Code=14804 RO-data=336 RW-data=124 ZI-data=1076  
FromELF: creating hex file...
"..\Output\Obj\GET_IR.axf" - 0 Errors, 0 Warning(s).
Rebuild target 'NOKIA_5110'
compiling reprintf.c...
compiling main.c...
compiling stm32f10x_it.c...
compiling stm32f10x_tim.c...
compiling stm32f10x_exti.c...
compiling stm32f10x_flash.c...
compiling 24cxx.c...
compiling i2c.c...
compiling lcd_16x2.c...
compiling misc.c...
compiling stm32f10x_gpio.c...
compiling stm32f10x_usart.c...
compiling stm32f10x_rcc.c...
compiling core_cm3.c...
compiling system_stm32f10x.c...
assembling startup_stm32f10x_hd.s...
linking...
Program Size: Code=14848 RO-data=336 RW-data=124 ZI-data=1076  
FromELF: creating hex file...
"..\Output\Obj\GET_IR.axf" - 0 Errors, 0 Warning(s).
Rebuild target 'NOKIA_5110'
compiling reprintf.c...
compiling main.c...
compiling stm32f10x_it.c...
compiling stm32f10x_tim.c...
compiling stm32f10x_exti.c...
compiling stm32f10x_flash.c...
compiling 24cxx.c...
compiling i2c.c...
compiling lcd_16x2.c...
compiling misc.c...
compiling stm32f10x_gpio.c...
compiling stm32f10x_usart.c...
compiling stm32f10x_rcc.c...
compiling core_cm3.c...
compiling system_stm32f10x.c...
assembling startup_stm32f10x_hd.s...
linking...
Program Size: Code=14852 RO-data=336 RW-data=124 ZI-data=1076  
FromELF: creating hex file...
"..\Output\Obj\GET_IR.axf" - 0 Errors, 0 Warning(s).
Rebuild target 'NOKIA_5110'
compiling reprintf.c...
compiling main.c...
compiling stm32f10x_it.c...
compiling stm32f10x_tim.c...
compiling stm32f10x_exti.c...
compiling stm32f10x_flash.c...
compiling 24cxx.c...
compiling i2c.c...
compiling lcd_16x2.c...
compiling misc.c...
compiling stm32f10x_gpio.c...
compiling stm32f10x_usart.c...
compiling stm32f10x_rcc.c...
compiling core_cm3.c...
compiling system_stm32f10x.c...
assembling startup_stm32f10x_hd.s...
linking...
Program Size: Code=14852 RO-data=336 RW-data=124 ZI-data=1076  
FromELF: creating hex file...
"..\Output\Obj\GET_IR.axf" - 0 Errors, 0 Warning(s).
Rebuild target 'NOKIA_5110'
compiling reprintf.c...
compiling main.c...
compiling stm32f10x_it.c...
compiling stm32f10x_tim.c...
compiling stm32f10x_exti.c...
compiling stm32f10x_flash.c...
compiling 24cxx.c...
compiling i2c.c...
compiling lcd_16x2.c...
compiling misc.c...
compiling stm32f10x_gpio.c...
compiling stm32f10x_usart.c...
compiling stm32f10x_rcc.c...
compiling core_cm3.c...
compiling system_stm32f10x.c...
assembling startup_stm32f10x_hd.s...
linking...
Program Size: Code=14900 RO-data=336 RW-data=124 ZI-data=1076  
FromELF: creating hex file...
"..\Output\Obj\GET_IR.axf" - 0 Errors, 0 Warning(s).
Rebuild target 'NOKIA_5110'
compiling reprintf.c...
compiling main.c...
compiling stm32f10x_it.c...
compiling stm32f10x_tim.c...
compiling stm32f10x_exti.c...
compiling stm32f10x_flash.c...
compiling 24cxx.c...
compiling i2c.c...
compiling lcd_16x2.c...
compiling misc.c...
compiling stm32f10x_gpio.c...
compiling stm32f10x_usart.c...
compiling stm32f10x_rcc.c...
compiling core_cm3.c...
compiling system_stm32f10x.c...
assembling startup_stm32f10x_hd.s...
linking...
Program Size: Code=14904 RO-data=336 RW-data=124 ZI-data=1076  
FromELF: creating hex file...
"..\Output\Obj\GET_IR.axf" - 0 Errors, 0 Warning(s).
Rebuild target 'NOKIA_5110'
compiling reprintf.c...
compiling main.c...
compiling stm32f10x_it.c...
compiling stm32f10x_tim.c...
compiling stm32f10x_exti.c...
compiling stm32f10x_flash.c...
compiling 24cxx.c...
compiling i2c.c...
compiling lcd_16x2.c...
compiling misc.c...
compiling stm32f10x_gpio.c...
compiling stm32f10x_usart.c...
compiling stm32f10x_rcc.c...
compiling core_cm3.c...
compiling system_stm32f10x.c...
assembling startup_stm32f10x_hd.s...
linking...
Program Size: Code=14908 RO-data=336 RW-data=124 ZI-data=1076  
FromELF: creating hex file...
"..\Output\Obj\GET_IR.axf" - 0 Errors, 0 Warning(s).
Rebuild target 'NOKIA_5110'
compiling reprintf.c...
compiling main.c...
compiling stm32f10x_it.c...
compiling stm32f10x_tim.c...
compiling stm32f10x_exti.c...
compiling stm32f10x_flash.c...
compiling 24cxx.c...
compiling i2c.c...
compiling lcd_16x2.c...
compiling misc.c...
compiling stm32f10x_gpio.c...
compiling stm32f10x_usart.c...
compiling stm32f10x_rcc.c...
compiling core_cm3.c...
compiling system_stm32f10x.c...
assembling startup_stm32f10x_hd.s...
linking...
Program Size: Code=14908 RO-data=336 RW-data=124 ZI-data=1076  
FromELF: creating hex file...
"..\Output\Obj\GET_IR.axf" - 0 Errors, 0 Warning(s).
Rebuild target 'NOKIA_5110'
compiling reprintf.c...
compiling main.c...
compiling stm32f10x_it.c...
compiling stm32f10x_tim.c...
compiling stm32f10x_exti.c...
compiling stm32f10x_flash.c...
compiling 24cxx.c...
compiling i2c.c...
compiling lcd_16x2.c...
compiling misc.c...
compiling stm32f10x_gpio.c...
compiling stm32f10x_usart.c...
compiling stm32f10x_rcc.c...
compiling core_cm3.c...
compiling system_stm32f10x.c...
assembling startup_stm32f10x_hd.s...
linking...
Program Size: Code=14908 RO-data=336 RW-data=124 ZI-data=1076  
FromELF: creating hex file...
"..\Output\Obj\GET_IR.axf" - 0 Errors, 0 Warning(s).
