<html>
<body>
<pre>
<h1>µVision Build Log</h1>
<h2>Project:</h2>
D:\kinh_ doanh\project\du_an\Ve_pcb_anh_bach\CODE_RF_315\Project\KeilC\NOKIA_5110.uvproj
Project File Date:  05/10/2016

<h2>Output:</h2>
Rebuild target 'NOKIA_5110'
compiling reprintf.c...
compiling main.c...
compiling stm32f10x_it.c...
compiling stm32f10x_tim.c...
compiling stm32f10x_exti.c...
compiling stm32f10x_flash.c...
compiling misc.c...
compiling stm32f10x_gpio.c...
compiling stm32f10x_usart.c...
compiling stm32f10x_rcc.c...
compiling core_cm3.c...
compiling system_stm32f10x.c...
assembling startup_stm32f10x_hd.s...
linking...
Program Size: Code=4656 RO-data=336 RW-data=44 ZI-data=1044  
FromELF: creating hex file...
"..\Output\Obj\Test_uart.axf" - 0 Errors, 0 Warning(s).
Rebuild target 'NOKIA_5110'
compiling reprintf.c...
compiling main.c...
compiling stm32f10x_it.c...
compiling stm32f10x_tim.c...
compiling stm32f10x_exti.c...
compiling stm32f10x_flash.c...
compiling misc.c...
compiling stm32f10x_gpio.c...
compiling stm32f10x_usart.c...
compiling stm32f10x_rcc.c...
compiling core_cm3.c...
compiling system_stm32f10x.c...
assembling startup_stm32f10x_hd.s...
linking...
Program Size: Code=7928 RO-data=336 RW-data=44 ZI-data=1044  
FromELF: creating hex file...
"..\Output\Obj\Test_uart.axf" - 0 Errors, 0 Warning(s).
Rebuild target 'NOKIA_5110'
compiling reprintf.c...
compiling main.c...
compiling stm32f10x_it.c...
compiling stm32f10x_tim.c...
compiling stm32f10x_exti.c...
compiling stm32f10x_flash.c...
compiling misc.c...
compiling stm32f10x_gpio.c...
compiling stm32f10x_usart.c...
compiling stm32f10x_rcc.c...
compiling core_cm3.c...
compiling system_stm32f10x.c...
assembling startup_stm32f10x_hd.s...
linking...
Program Size: Code=7956 RO-data=336 RW-data=44 ZI-data=1044  
FromELF: creating hex file...
"..\Output\Obj\Test_uart.axf" - 0 Errors, 0 Warning(s).
Rebuild target 'NOKIA_5110'
compiling reprintf.c...
compiling main.c...
compiling stm32f10x_it.c...
compiling stm32f10x_tim.c...
compiling stm32f10x_exti.c...
compiling stm32f10x_flash.c...
compiling misc.c...
compiling stm32f10x_gpio.c...
compiling stm32f10x_usart.c...
compiling stm32f10x_rcc.c...
compiling core_cm3.c...
compiling system_stm32f10x.c...
assembling startup_stm32f10x_hd.s...
linking...
Program Size: Code=7988 RO-data=336 RW-data=44 ZI-data=1044  
FromELF: creating hex file...
"..\Output\Obj\Test_uart.axf" - 0 Errors, 0 Warning(s).
Rebuild target 'NOKIA_5110'
compiling reprintf.c...
compiling main.c...
compiling stm32f10x_it.c...
compiling stm32f10x_tim.c...
compiling stm32f10x_exti.c...
compiling stm32f10x_flash.c...
compiling misc.c...
compiling stm32f10x_gpio.c...
compiling stm32f10x_usart.c...
compiling stm32f10x_rcc.c...
compiling core_cm3.c...
compiling system_stm32f10x.c...
assembling startup_stm32f10x_hd.s...
linking...
Program Size: Code=7992 RO-data=336 RW-data=44 ZI-data=1044  
FromELF: creating hex file...
"..\Output\Obj\Test_uart.axf" - 0 Errors, 0 Warning(s).
Rebuild target 'NOKIA_5110'
compiling reprintf.c...
compiling main.c...
compiling stm32f10x_it.c...
compiling stm32f10x_tim.c...
compiling stm32f10x_exti.c...
compiling stm32f10x_flash.c...
compiling misc.c...
compiling stm32f10x_gpio.c...
compiling stm32f10x_usart.c...
compiling stm32f10x_rcc.c...
compiling core_cm3.c...
compiling system_stm32f10x.c...
assembling startup_stm32f10x_hd.s...
linking...
Program Size: Code=7988 RO-data=336 RW-data=44 ZI-data=1044  
FromELF: creating hex file...
"..\Output\Obj\Test_uart.axf" - 0 Errors, 0 Warning(s).
Rebuild target 'NOKIA_5110'
compiling reprintf.c...
compiling main.c...
compiling stm32f10x_it.c...
compiling stm32f10x_tim.c...
compiling stm32f10x_exti.c...
compiling stm32f10x_flash.c...
compiling misc.c...
compiling stm32f10x_gpio.c...
compiling stm32f10x_usart.c...
compiling stm32f10x_rcc.c...
compiling core_cm3.c...
compiling system_stm32f10x.c...
assembling startup_stm32f10x_hd.s...
linking...
Program Size: Code=7988 RO-data=336 RW-data=44 ZI-data=1044  
FromELF: creating hex file...
"..\Output\Obj\GET_RF.axf" - 0 Errors, 0 Warning(s).
Rebuild target 'NOKIA_5110'
compiling reprintf.c...
compiling main.c...
compiling stm32f10x_it.c...
compiling stm32f10x_tim.c...
compiling stm32f10x_exti.c...
compiling stm32f10x_flash.c...
compiling misc.c...
compiling stm32f10x_gpio.c...
compiling stm32f10x_usart.c...
compiling stm32f10x_rcc.c...
compiling core_cm3.c...
compiling system_stm32f10x.c...
assembling startup_stm32f10x_hd.s...
linking...
Program Size: Code=7984 RO-data=336 RW-data=44 ZI-data=1044  
FromELF: creating hex file...
"..\Output\Obj\GET_RF.axf" - 0 Errors, 0 Warning(s).
Rebuild target 'NOKIA_5110'
compiling reprintf.c...
compiling main.c...
compiling stm32f10x_it.c...
compiling stm32f10x_tim.c...
compiling stm32f10x_exti.c...
compiling stm32f10x_flash.c...
compiling misc.c...
compiling stm32f10x_gpio.c...
compiling stm32f10x_usart.c...
compiling stm32f10x_rcc.c...
compiling core_cm3.c...
compiling system_stm32f10x.c...
assembling startup_stm32f10x_hd.s...
linking...
Program Size: Code=7988 RO-data=336 RW-data=44 ZI-data=1044  
FromELF: creating hex file...
"..\Output\Obj\GET_RF.axf" - 0 Errors, 0 Warning(s).
Rebuild target 'NOKIA_5110'
compiling reprintf.c...
compiling main.c...
compiling stm32f10x_it.c...
compiling stm32f10x_tim.c...
compiling stm32f10x_exti.c...
compiling stm32f10x_flash.c...
compiling misc.c...
compiling stm32f10x_gpio.c...
compiling stm32f10x_usart.c...
compiling stm32f10x_rcc.c...
compiling core_cm3.c...
compiling system_stm32f10x.c...
assembling startup_stm32f10x_hd.s...
linking...
Program Size: Code=7984 RO-data=336 RW-data=44 ZI-data=1044  
FromELF: creating hex file...
"..\Output\Obj\GET_RF.axf" - 0 Errors, 0 Warning(s).
Rebuild target 'NOKIA_5110'
compiling reprintf.c...
compiling main.c...
compiling stm32f10x_it.c...
compiling stm32f10x_tim.c...
compiling stm32f10x_exti.c...
compiling stm32f10x_flash.c...
compiling misc.c...
compiling stm32f10x_gpio.c...
compiling stm32f10x_usart.c...
compiling stm32f10x_rcc.c...
compiling core_cm3.c...
compiling system_stm32f10x.c...
assembling startup_stm32f10x_hd.s...
linking...
Program Size: Code=7972 RO-data=336 RW-data=44 ZI-data=1044  
FromELF: creating hex file...
"..\Output\Obj\GET_RF.axf" - 0 Errors, 0 Warning(s).
Rebuild target 'NOKIA_5110'
compiling reprintf.c...
compiling main.c...
compiling stm32f10x_it.c...
compiling stm32f10x_tim.c...
compiling stm32f10x_exti.c...
compiling stm32f10x_flash.c...
compiling misc.c...
compiling stm32f10x_gpio.c...
compiling stm32f10x_usart.c...
compiling stm32f10x_rcc.c...
compiling core_cm3.c...
compiling system_stm32f10x.c...
assembling startup_stm32f10x_hd.s...
linking...
Program Size: Code=7980 RO-data=336 RW-data=44 ZI-data=1044  
FromELF: creating hex file...
"..\Output\Obj\GET_RF.axf" - 0 Errors, 0 Warning(s).
Rebuild target 'NOKIA_5110'
compiling reprintf.c...
compiling main.c...
compiling stm32f10x_it.c...
compiling stm32f10x_tim.c...
compiling stm32f10x_exti.c...
compiling stm32f10x_flash.c...
compiling misc.c...
compiling stm32f10x_gpio.c...
compiling stm32f10x_usart.c...
compiling stm32f10x_rcc.c...
compiling core_cm3.c...
compiling system_stm32f10x.c...
assembling startup_stm32f10x_hd.s...
linking...
Program Size: Code=8000 RO-data=336 RW-data=44 ZI-data=1044  
FromELF: creating hex file...
"..\Output\Obj\GET_RF.axf" - 0 Errors, 0 Warning(s).
Rebuild target 'NOKIA_5110'
compiling reprintf.c...
compiling main.c...
compiling stm32f10x_it.c...
compiling stm32f10x_tim.c...
compiling stm32f10x_exti.c...
compiling stm32f10x_flash.c...
compiling misc.c...
compiling stm32f10x_gpio.c...
compiling stm32f10x_usart.c...
compiling stm32f10x_rcc.c...
compiling core_cm3.c...
compiling system_stm32f10x.c...
assembling startup_stm32f10x_hd.s...
linking...
Program Size: Code=8044 RO-data=336 RW-data=44 ZI-data=1044  
FromELF: creating hex file...
"..\Output\Obj\GET_RF.axf" - 0 Errors, 0 Warning(s).
Rebuild target 'NOKIA_5110'
compiling reprintf.c...
compiling main.c...
compiling stm32f10x_it.c...
compiling stm32f10x_tim.c...
compiling stm32f10x_exti.c...
compiling stm32f10x_flash.c...
compiling misc.c...
compiling stm32f10x_gpio.c...
compiling stm32f10x_usart.c...
compiling stm32f10x_rcc.c...
compiling core_cm3.c...
compiling system_stm32f10x.c...
assembling startup_stm32f10x_hd.s...
linking...
Program Size: Code=8044 RO-data=336 RW-data=44 ZI-data=1044  
FromELF: creating hex file...
"..\Output\Obj\GET_RF.axf" - 0 Errors, 0 Warning(s).
Rebuild target 'NOKIA_5110'
compiling reprintf.c...
compiling main.c...
compiling stm32f10x_it.c...
compiling stm32f10x_tim.c...
compiling stm32f10x_exti.c...
compiling stm32f10x_flash.c...
compiling misc.c...
compiling stm32f10x_gpio.c...
compiling stm32f10x_usart.c...
compiling stm32f10x_rcc.c...
compiling core_cm3.c...
compiling system_stm32f10x.c...
assembling startup_stm32f10x_hd.s...
linking...
Program Size: Code=8044 RO-data=336 RW-data=44 ZI-data=1044  
FromELF: creating hex file...
"..\Output\Obj\GET_RF.axf" - 0 Errors, 0 Warning(s).
Rebuild target 'NOKIA_5110'
compiling reprintf.c...
compiling main.c...
compiling stm32f10x_it.c...
compiling stm32f10x_tim.c...
compiling stm32f10x_exti.c...
compiling stm32f10x_flash.c...
compiling misc.c...
compiling stm32f10x_gpio.c...
compiling stm32f10x_usart.c...
compiling stm32f10x_rcc.c...
compiling core_cm3.c...
compiling system_stm32f10x.c...
assembling startup_stm32f10x_hd.s...
linking...
Program Size: Code=8044 RO-data=336 RW-data=44 ZI-data=1044  
FromELF: creating hex file...
"..\Output\Obj\GET_RF.axf" - 0 Errors, 0 Warning(s).
Rebuild target 'NOKIA_5110'
compiling reprintf.c...
compiling main.c...
compiling stm32f10x_it.c...
compiling stm32f10x_tim.c...
compiling stm32f10x_exti.c...
compiling stm32f10x_flash.c...
compiling misc.c...
compiling stm32f10x_gpio.c...
compiling stm32f10x_usart.c...
compiling stm32f10x_rcc.c...
compiling core_cm3.c...
compiling system_stm32f10x.c...
assembling startup_stm32f10x_hd.s...
linking...
Program Size: Code=8152 RO-data=336 RW-data=48 ZI-data=1040  
FromELF: creating hex file...
"..\Output\Obj\GET_RF.axf" - 0 Errors, 0 Warning(s).
Rebuild target 'NOKIA_5110'
compiling reprintf.c...
compiling main.c...
compiling stm32f10x_it.c...
compiling stm32f10x_tim.c...
compiling stm32f10x_exti.c...
compiling stm32f10x_flash.c...
compiling misc.c...
compiling stm32f10x_gpio.c...
compiling stm32f10x_usart.c...
compiling stm32f10x_rcc.c...
compiling core_cm3.c...
compiling system_stm32f10x.c...
assembling startup_stm32f10x_hd.s...
linking...
Program Size: Code=8156 RO-data=336 RW-data=48 ZI-data=1040  
FromELF: creating hex file...
"..\Output\Obj\GET_RF.axf" - 0 Errors, 0 Warning(s).
Rebuild target 'NOKIA_5110'
compiling reprintf.c...
compiling main.c...
compiling stm32f10x_it.c...
compiling stm32f10x_tim.c...
compiling stm32f10x_exti.c...
compiling stm32f10x_flash.c...
compiling misc.c...
compiling stm32f10x_gpio.c...
compiling stm32f10x_usart.c...
compiling stm32f10x_rcc.c...
compiling core_cm3.c...
compiling system_stm32f10x.c...
assembling startup_stm32f10x_hd.s...
linking...
Program Size: Code=8220 RO-data=336 RW-data=56 ZI-data=1040  
FromELF: creating hex file...
"..\Output\Obj\GET_RF.axf" - 0 Errors, 0 Warning(s).
Rebuild target 'NOKIA_5110'
compiling reprintf.c...
compiling main.c...
compiling stm32f10x_it.c...
compiling stm32f10x_tim.c...
compiling stm32f10x_exti.c...
compiling stm32f10x_flash.c...
compiling misc.c...
compiling stm32f10x_gpio.c...
compiling stm32f10x_usart.c...
compiling stm32f10x_rcc.c...
compiling core_cm3.c...
compiling system_stm32f10x.c...
assembling startup_stm32f10x_hd.s...
linking...
Program Size: Code=8232 RO-data=336 RW-data=56 ZI-data=1040  
FromELF: creating hex file...
"..\Output\Obj\GET_RF.axf" - 0 Errors, 0 Warning(s).
