<html>
<body>
<pre>
<h1>µVision Build Log</h1>
<h2>Project:</h2>
D:\arm\stm32f10xx\code\usart\Project\KeilC\NOKIA_5110.uvproj
Project File Date:  07/05/2015

<h2>Output:</h2>
Rebuild target 'NOKIA_5110'
compiling reprintf.c...
compiling main.c...
compiling stm32f10x_it.c...
compiling stm32f10x_tim.c...
compiling stm32f10x_exti.c...
compiling misc.c...
compiling stm32f10x_gpio.c...
compiling stm32f10x_usart.c...
compiling stm32f10x_rcc.c...
compiling core_cm3.c...
compiling system_stm32f10x.c...
assembling startup_stm32f10x_hd.s...
linking...
Program Size: Code=4656 RO-data=336 RW-data=44 ZI-data=1044  
FromELF: creating hex file...
"..\Output\Obj\timer.axf" - 0 Errors, 0 Warning(s).
Rebuild target 'NOKIA_5110'
compiling reprintf.c...
compiling main.c...
compiling stm32f10x_it.c...
compiling stm32f10x_tim.c...
compiling stm32f10x_exti.c...
compiling misc.c...
compiling stm32f10x_gpio.c...
compiling stm32f10x_usart.c...
compiling stm32f10x_rcc.c...
compiling core_cm3.c...
compiling system_stm32f10x.c...
assembling startup_stm32f10x_hd.s...
linking...
Program Size: Code=4656 RO-data=336 RW-data=44 ZI-data=1044  
FromELF: creating hex file...
"..\Output\Obj\Test_uart.axf" - 0 Errors, 0 Warning(s).
