ARM Linker, 5.03 [Build 76] [MDK-ARM Lite]

==============================================================================

Section Cross References

    reprintf.o(.text) refers to lcd_16x2.o(.text) for LCD_PutChar
    reprintf.o(.text) refers to stm32f10x_usart.o(.text) for USART_SendData
    reprintf.o(.text) refers to main.o(.data) for target
    main.o(.text) refers to printf8.o(i.__0printf$8) for __2printf
    main.o(.text) refers to stm32f10x_tim.o(.text) for TIM_SetCounter
    main.o(.text) refers to lcd_16x2.o(.text) for LCD_Gotoxy
    main.o(.text) refers to stm32f10x_gpio.o(.text) for GPIO_ReadInputDataBit
    main.o(.text) refers to main.o(.data) for TimingDelay
    main.o(.text) refers to stm32f10x_rcc.o(.text) for RCC_APB1PeriphClockCmd
    main.o(.text) refers to stm32f10x_exti.o(.text) for EXTI_ClearITPendingBit
    main.o(.text) refers to misc.o(.text) for NVIC_Init
    main.o(.text) refers to stm32f10x_usart.o(.text) for USART_Init
    main.o(.text) refers to i2c.o(.text) for I2CSOFT_Init
    main.o(.text) refers to 24cxx.o(.text) for EEP24CXX_ReadMultiData
    main.o(.text) refers to main.o(.bss) for USART_InitStructure
    main.o(.text) refers to system_stm32f10x.o(.data) for SystemCoreClock
    stm32f10x_it.o(.text) refers to main.o(.text) for TimingDelay_Decrement
    stm32f10x_it.o(.text) refers to stm32f10x_exti.o(.text) for EXTI_GetITStatus
    stm32f10x_it.o(.text) refers to stm32f10x_tim.o(.text) for TIM_GetCounter
    stm32f10x_it.o(.text) refers to stm32f10x_it.o(.data) for Bit_star
    stm32f10x_it.o(.text) refers to main.o(.bss) for Butt_Data_IR
    stm32f10x_it.o(.text) refers to main.o(.data) for Get_data
    stm32f10x_tim.o(.text) refers to stm32f10x_rcc.o(.text) for RCC_APB2PeriphResetCmd
    24cxx.o(.text) refers to i2c.o(.text) for I2CSOFT_Start
    i2c.o(.text) refers to stm32f10x_gpio.o(.text) for GPIO_Init
    i2c.o(.text) refers to main.o(.text) for Delay_ms
    lcd_16x2.o(.text) refers to stm32f10x_gpio.o(.text) for GPIO_SetBits
    lcd_16x2.o(.text) refers to main.o(.text) for _Delay_us_mem
    lcd_16x2.o(.text) refers to stm32f10x_rcc.o(.text) for RCC_APB2PeriphClockCmd
    stm32f10x_gpio.o(.text) refers to stm32f10x_rcc.o(.text) for RCC_APB2PeriphResetCmd
    stm32f10x_usart.o(.text) refers to stm32f10x_rcc.o(.text) for RCC_APB2PeriphResetCmd
    stm32f10x_rcc.o(.text) refers to stm32f10x_rcc.o(.data) for APBAHBPrescTable
    startup_stm32f10x_hd.o(RESET) refers to startup_stm32f10x_hd.o(STACK) for __initial_sp
    startup_stm32f10x_hd.o(RESET) refers to startup_stm32f10x_hd.o(.text) for Reset_Handler
    startup_stm32f10x_hd.o(RESET) refers to stm32f10x_it.o(.text) for NMI_Handler
    startup_stm32f10x_hd.o(.text) refers to system_stm32f10x.o(.text) for SystemInit
    startup_stm32f10x_hd.o(.text) refers to entry.o(.ARM.Collect$$$$00000000) for __main
    entry.o(.ARM.Collect$$$$00000000) refers (Special) to entry10a.o(.ARM.Collect$$$$0000000D) for __rt_final_cpp
    entry.o(.ARM.Collect$$$$00000000) refers (Special) to entry11a.o(.ARM.Collect$$$$0000000F) for __rt_final_exit
    entry.o(.ARM.Collect$$$$00000000) refers (Special) to entry7b.o(.ARM.Collect$$$$00000008) for _main_clock
    entry.o(.ARM.Collect$$$$00000000) refers (Special) to entry8b.o(.ARM.Collect$$$$0000000A) for _main_cpp_init
    entry.o(.ARM.Collect$$$$00000000) refers (Special) to entry9a.o(.ARM.Collect$$$$0000000B) for _main_init
    entry.o(.ARM.Collect$$$$00000000) refers (Special) to entry5.o(.ARM.Collect$$$$00000004) for _main_scatterload
    entry.o(.ARM.Collect$$$$00000000) refers (Special) to entry2.o(.ARM.Collect$$$$00000001) for _main_stk
    printfb.o(i.__0fprintf$bare) refers to printfb.o(i._printf_core) for _printf_core
    printfb.o(i.__0fprintf$bare) refers to reprintf.o(.text) for fputc
    printfb.o(i.__0printf$bare) refers to printfb.o(i._printf_core) for _printf_core
    printfb.o(i.__0printf$bare) refers to reprintf.o(.text) for fputc
    printfb.o(i.__0printf$bare) refers to stdout.o(.data) for __stdout
    printfb.o(i.__0snprintf$bare) refers to printfb.o(i._printf_core) for _printf_core
    printfb.o(i.__0snprintf$bare) refers to printfb.o(i._snputc) for _snputc
    printfb.o(i.__0sprintf$bare) refers to printfb.o(i._printf_core) for _printf_core
    printfb.o(i.__0sprintf$bare) refers to printfb.o(i._sputc) for _sputc
    printfb.o(i.__0vfprintf$bare) refers to printfb.o(i._printf_core) for _printf_core
    printfb.o(i.__0vfprintf$bare) refers to reprintf.o(.text) for fputc
    printfb.o(i.__0vprintf$bare) refers to printfb.o(i._printf_core) for _printf_core
    printfb.o(i.__0vprintf$bare) refers to reprintf.o(.text) for fputc
    printfb.o(i.__0vprintf$bare) refers to stdout.o(.data) for __stdout
    printfb.o(i.__0vsnprintf$bare) refers to printfb.o(i._printf_core) for _printf_core
    printfb.o(i.__0vsnprintf$bare) refers to printfb.o(i._snputc) for _snputc
    printfb.o(i.__0vsprintf$bare) refers to printfb.o(i._printf_core) for _printf_core
    printfb.o(i.__0vsprintf$bare) refers to printfb.o(i._sputc) for _sputc
    printf0.o(i.__0fprintf$0) refers to printf0.o(i._printf_core) for _printf_core
    printf0.o(i.__0fprintf$0) refers to reprintf.o(.text) for fputc
    printf0.o(i.__0printf$0) refers to printf0.o(i._printf_core) for _printf_core
    printf0.o(i.__0printf$0) refers to reprintf.o(.text) for fputc
    printf0.o(i.__0printf$0) refers to stdout.o(.data) for __stdout
    printf0.o(i.__0snprintf$0) refers to printf0.o(i._printf_core) for _printf_core
    printf0.o(i.__0snprintf$0) refers to printf0.o(i._snputc) for _snputc
    printf0.o(i.__0sprintf$0) refers to printf0.o(i._printf_core) for _printf_core
    printf0.o(i.__0sprintf$0) refers to printf0.o(i._sputc) for _sputc
    printf0.o(i.__0vfprintf$0) refers to printf0.o(i._printf_core) for _printf_core
    printf0.o(i.__0vfprintf$0) refers to reprintf.o(.text) for fputc
    printf0.o(i.__0vprintf$0) refers to printf0.o(i._printf_core) for _printf_core
    printf0.o(i.__0vprintf$0) refers to reprintf.o(.text) for fputc
    printf0.o(i.__0vprintf$0) refers to stdout.o(.data) for __stdout
    printf0.o(i.__0vsnprintf$0) refers to printf0.o(i._printf_core) for _printf_core
    printf0.o(i.__0vsnprintf$0) refers to printf0.o(i._snputc) for _snputc
    printf0.o(i.__0vsprintf$0) refers to printf0.o(i._printf_core) for _printf_core
    printf0.o(i.__0vsprintf$0) refers to printf0.o(i._sputc) for _sputc
    printf1.o(i.__0fprintf$1) refers to printf1.o(i._printf_core) for _printf_core
    printf1.o(i.__0fprintf$1) refers to reprintf.o(.text) for fputc
    printf1.o(i.__0printf$1) refers to printf1.o(i._printf_core) for _printf_core
    printf1.o(i.__0printf$1) refers to reprintf.o(.text) for fputc
    printf1.o(i.__0printf$1) refers to stdout.o(.data) for __stdout
    printf1.o(i.__0snprintf$1) refers to printf1.o(i._printf_core) for _printf_core
    printf1.o(i.__0snprintf$1) refers to printf1.o(i._snputc) for _snputc
    printf1.o(i.__0sprintf$1) refers to printf1.o(i._printf_core) for _printf_core
    printf1.o(i.__0sprintf$1) refers to printf1.o(i._sputc) for _sputc
    printf1.o(i.__0vfprintf$1) refers to printf1.o(i._printf_core) for _printf_core
    printf1.o(i.__0vfprintf$1) refers to reprintf.o(.text) for fputc
    printf1.o(i.__0vprintf$1) refers to printf1.o(i._printf_core) for _printf_core
    printf1.o(i.__0vprintf$1) refers to reprintf.o(.text) for fputc
    printf1.o(i.__0vprintf$1) refers to stdout.o(.data) for __stdout
    printf1.o(i.__0vsnprintf$1) refers to printf1.o(i._printf_core) for _printf_core
    printf1.o(i.__0vsnprintf$1) refers to printf1.o(i._snputc) for _snputc
    printf1.o(i.__0vsprintf$1) refers to printf1.o(i._printf_core) for _printf_core
    printf1.o(i.__0vsprintf$1) refers to printf1.o(i._sputc) for _sputc
    printf1.o(i._printf_core) refers to uidiv.o(.text) for __aeabi_uidivmod
    printf2.o(i.__0fprintf$2) refers to printf2.o(i._printf_core) for _printf_core
    printf2.o(i.__0fprintf$2) refers to reprintf.o(.text) for fputc
    printf2.o(i.__0printf$2) refers to printf2.o(i._printf_core) for _printf_core
    printf2.o(i.__0printf$2) refers to reprintf.o(.text) for fputc
    printf2.o(i.__0printf$2) refers to stdout.o(.data) for __stdout
    printf2.o(i.__0snprintf$2) refers to printf2.o(i._printf_core) for _printf_core
    printf2.o(i.__0snprintf$2) refers to printf2.o(i._snputc) for _snputc
    printf2.o(i.__0sprintf$2) refers to printf2.o(i._printf_core) for _printf_core
    printf2.o(i.__0sprintf$2) refers to printf2.o(i._sputc) for _sputc
    printf2.o(i.__0vfprintf$2) refers to printf2.o(i._printf_core) for _printf_core
    printf2.o(i.__0vfprintf$2) refers to reprintf.o(.text) for fputc
    printf2.o(i.__0vprintf$2) refers to printf2.o(i._printf_core) for _printf_core
    printf2.o(i.__0vprintf$2) refers to reprintf.o(.text) for fputc
    printf2.o(i.__0vprintf$2) refers to stdout.o(.data) for __stdout
    printf2.o(i.__0vsnprintf$2) refers to printf2.o(i._printf_core) for _printf_core
    printf2.o(i.__0vsnprintf$2) refers to printf2.o(i._snputc) for _snputc
    printf2.o(i.__0vsprintf$2) refers to printf2.o(i._printf_core) for _printf_core
    printf2.o(i.__0vsprintf$2) refers to printf2.o(i._sputc) for _sputc
    printf3.o(i.__0fprintf$3) refers to printf3.o(i._printf_core) for _printf_core
    printf3.o(i.__0fprintf$3) refers to reprintf.o(.text) for fputc
    printf3.o(i.__0printf$3) refers to printf3.o(i._printf_core) for _printf_core
    printf3.o(i.__0printf$3) refers to reprintf.o(.text) for fputc
    printf3.o(i.__0printf$3) refers to stdout.o(.data) for __stdout
    printf3.o(i.__0snprintf$3) refers to printf3.o(i._printf_core) for _printf_core
    printf3.o(i.__0snprintf$3) refers to printf3.o(i._snputc) for _snputc
    printf3.o(i.__0sprintf$3) refers to printf3.o(i._printf_core) for _printf_core
    printf3.o(i.__0sprintf$3) refers to printf3.o(i._sputc) for _sputc
    printf3.o(i.__0vfprintf$3) refers to printf3.o(i._printf_core) for _printf_core
    printf3.o(i.__0vfprintf$3) refers to reprintf.o(.text) for fputc
    printf3.o(i.__0vprintf$3) refers to printf3.o(i._printf_core) for _printf_core
    printf3.o(i.__0vprintf$3) refers to reprintf.o(.text) for fputc
    printf3.o(i.__0vprintf$3) refers to stdout.o(.data) for __stdout
    printf3.o(i.__0vsnprintf$3) refers to printf3.o(i._printf_core) for _printf_core
    printf3.o(i.__0vsnprintf$3) refers to printf3.o(i._snputc) for _snputc
    printf3.o(i.__0vsprintf$3) refers to printf3.o(i._printf_core) for _printf_core
    printf3.o(i.__0vsprintf$3) refers to printf3.o(i._sputc) for _sputc
    printf3.o(i._printf_core) refers to uidiv.o(.text) for __aeabi_uidivmod
    printf4.o(i.__0fprintf$4) refers to printf4.o(i._printf_core) for _printf_core
    printf4.o(i.__0fprintf$4) refers to reprintf.o(.text) for fputc
    printf4.o(i.__0printf$4) refers to printf4.o(i._printf_core) for _printf_core
    printf4.o(i.__0printf$4) refers to reprintf.o(.text) for fputc
    printf4.o(i.__0printf$4) refers to stdout.o(.data) for __stdout
    printf4.o(i.__0snprintf$4) refers to printf4.o(i._printf_core) for _printf_core
    printf4.o(i.__0snprintf$4) refers to printf4.o(i._snputc) for _snputc
    printf4.o(i.__0sprintf$4) refers to printf4.o(i._printf_core) for _printf_core
    printf4.o(i.__0sprintf$4) refers to printf4.o(i._sputc) for _sputc
    printf4.o(i.__0vfprintf$4) refers to printf4.o(i._printf_core) for _printf_core
    printf4.o(i.__0vfprintf$4) refers to reprintf.o(.text) for fputc
    printf4.o(i.__0vprintf$4) refers to printf4.o(i._printf_core) for _printf_core
    printf4.o(i.__0vprintf$4) refers to reprintf.o(.text) for fputc
    printf4.o(i.__0vprintf$4) refers to stdout.o(.data) for __stdout
    printf4.o(i.__0vsnprintf$4) refers to printf4.o(i._printf_core) for _printf_core
    printf4.o(i.__0vsnprintf$4) refers to printf4.o(i._snputc) for _snputc
    printf4.o(i.__0vsprintf$4) refers to printf4.o(i._printf_core) for _printf_core
    printf4.o(i.__0vsprintf$4) refers to printf4.o(i._sputc) for _sputc
    printf4.o(i._printf_core) refers to uldiv.o(.text) for __aeabi_uldivmod
    printf5.o(i.__0fprintf$5) refers to printf5.o(i._printf_core) for _printf_core
    printf5.o(i.__0fprintf$5) refers to reprintf.o(.text) for fputc
    printf5.o(i.__0printf$5) refers to printf5.o(i._printf_core) for _printf_core
    printf5.o(i.__0printf$5) refers to reprintf.o(.text) for fputc
    printf5.o(i.__0printf$5) refers to stdout.o(.data) for __stdout
    printf5.o(i.__0snprintf$5) refers to printf5.o(i._printf_core) for _printf_core
    printf5.o(i.__0snprintf$5) refers to printf5.o(i._snputc) for _snputc
    printf5.o(i.__0sprintf$5) refers to printf5.o(i._printf_core) for _printf_core
    printf5.o(i.__0sprintf$5) refers to printf5.o(i._sputc) for _sputc
    printf5.o(i.__0vfprintf$5) refers to printf5.o(i._printf_core) for _printf_core
    printf5.o(i.__0vfprintf$5) refers to reprintf.o(.text) for fputc
    printf5.o(i.__0vprintf$5) refers to printf5.o(i._printf_core) for _printf_core
    printf5.o(i.__0vprintf$5) refers to reprintf.o(.text) for fputc
    printf5.o(i.__0vprintf$5) refers to stdout.o(.data) for __stdout
    printf5.o(i.__0vsnprintf$5) refers to printf5.o(i._printf_core) for _printf_core
    printf5.o(i.__0vsnprintf$5) refers to printf5.o(i._snputc) for _snputc
    printf5.o(i.__0vsprintf$5) refers to printf5.o(i._printf_core) for _printf_core
    printf5.o(i.__0vsprintf$5) refers to printf5.o(i._sputc) for _sputc
    printf5.o(i._printf_core) refers to uldiv.o(.text) for __aeabi_uldivmod
    printf6.o(i.__0fprintf$6) refers to printf6.o(i._printf_core) for _printf_core
    printf6.o(i.__0fprintf$6) refers to reprintf.o(.text) for fputc
    printf6.o(i.__0printf$6) refers to printf6.o(i._printf_core) for _printf_core
    printf6.o(i.__0printf$6) refers to reprintf.o(.text) for fputc
    printf6.o(i.__0printf$6) refers to stdout.o(.data) for __stdout
    printf6.o(i.__0snprintf$6) refers to printf6.o(i._printf_core) for _printf_core
    printf6.o(i.__0snprintf$6) refers to printf6.o(i._snputc) for _snputc
    printf6.o(i.__0sprintf$6) refers to printf6.o(i._printf_core) for _printf_core
    printf6.o(i.__0sprintf$6) refers to printf6.o(i._sputc) for _sputc
    printf6.o(i.__0vfprintf$6) refers to printf6.o(i._printf_core) for _printf_core
    printf6.o(i.__0vfprintf$6) refers to reprintf.o(.text) for fputc
    printf6.o(i.__0vprintf$6) refers to printf6.o(i._printf_core) for _printf_core
    printf6.o(i.__0vprintf$6) refers to reprintf.o(.text) for fputc
    printf6.o(i.__0vprintf$6) refers to stdout.o(.data) for __stdout
    printf6.o(i.__0vsnprintf$6) refers to printf6.o(i._printf_core) for _printf_core
    printf6.o(i.__0vsnprintf$6) refers to printf6.o(i._snputc) for _snputc
    printf6.o(i.__0vsprintf$6) refers to printf6.o(i._printf_core) for _printf_core
    printf6.o(i.__0vsprintf$6) refers to printf6.o(i._sputc) for _sputc
    printf6.o(i._printf_core) refers to printf6.o(i._printf_pre_padding) for _printf_pre_padding
    printf6.o(i._printf_core) refers to uidiv.o(.text) for __aeabi_uidivmod
    printf6.o(i._printf_core) refers to printf6.o(i._printf_post_padding) for _printf_post_padding
    printf7.o(i.__0fprintf$7) refers to printf7.o(i._printf_core) for _printf_core
    printf7.o(i.__0fprintf$7) refers to reprintf.o(.text) for fputc
    printf7.o(i.__0printf$7) refers to printf7.o(i._printf_core) for _printf_core
    printf7.o(i.__0printf$7) refers to reprintf.o(.text) for fputc
    printf7.o(i.__0printf$7) refers to stdout.o(.data) for __stdout
    printf7.o(i.__0snprintf$7) refers to printf7.o(i._printf_core) for _printf_core
    printf7.o(i.__0snprintf$7) refers to printf7.o(i._snputc) for _snputc
    printf7.o(i.__0sprintf$7) refers to printf7.o(i._printf_core) for _printf_core
    printf7.o(i.__0sprintf$7) refers to printf7.o(i._sputc) for _sputc
    printf7.o(i.__0vfprintf$7) refers to printf7.o(i._printf_core) for _printf_core
    printf7.o(i.__0vfprintf$7) refers to reprintf.o(.text) for fputc
    printf7.o(i.__0vprintf$7) refers to printf7.o(i._printf_core) for _printf_core
    printf7.o(i.__0vprintf$7) refers to reprintf.o(.text) for fputc
    printf7.o(i.__0vprintf$7) refers to stdout.o(.data) for __stdout
    printf7.o(i.__0vsnprintf$7) refers to printf7.o(i._printf_core) for _printf_core
    printf7.o(i.__0vsnprintf$7) refers to printf7.o(i._snputc) for _snputc
    printf7.o(i.__0vsprintf$7) refers to printf7.o(i._printf_core) for _printf_core
    printf7.o(i.__0vsprintf$7) refers to printf7.o(i._sputc) for _sputc
    printf7.o(i._printf_core) refers to printf7.o(i._printf_pre_padding) for _printf_pre_padding
    printf7.o(i._printf_core) refers to uldiv.o(.text) for __aeabi_uldivmod
    printf7.o(i._printf_core) refers to printf7.o(i._printf_post_padding) for _printf_post_padding
    printf8.o(i.__0fprintf$8) refers to printf8.o(i._printf_core) for _printf_core
    printf8.o(i.__0fprintf$8) refers to reprintf.o(.text) for fputc
    printf8.o(i.__0printf$8) refers to printf8.o(i._printf_core) for _printf_core
    printf8.o(i.__0printf$8) refers to reprintf.o(.text) for fputc
    printf8.o(i.__0printf$8) refers to stdout.o(.data) for __stdout
    printf8.o(i.__0snprintf$8) refers to printf8.o(i._printf_core) for _printf_core
    printf8.o(i.__0snprintf$8) refers to printf8.o(i._snputc) for _snputc
    printf8.o(i.__0sprintf$8) refers to printf8.o(i._printf_core) for _printf_core
    printf8.o(i.__0sprintf$8) refers to printf8.o(i._sputc) for _sputc
    printf8.o(i.__0vfprintf$8) refers to printf8.o(i._printf_core) for _printf_core
    printf8.o(i.__0vfprintf$8) refers to reprintf.o(.text) for fputc
    printf8.o(i.__0vprintf$8) refers to printf8.o(i._printf_core) for _printf_core
    printf8.o(i.__0vprintf$8) refers to reprintf.o(.text) for fputc
    printf8.o(i.__0vprintf$8) refers to stdout.o(.data) for __stdout
    printf8.o(i.__0vsnprintf$8) refers to printf8.o(i._printf_core) for _printf_core
    printf8.o(i.__0vsnprintf$8) refers to printf8.o(i._snputc) for _snputc
    printf8.o(i.__0vsprintf$8) refers to printf8.o(i._printf_core) for _printf_core
    printf8.o(i.__0vsprintf$8) refers to printf8.o(i._sputc) for _sputc
    printf8.o(i._printf_core) refers to printf8.o(i._printf_pre_padding) for _printf_pre_padding
    printf8.o(i._printf_core) refers to uldiv.o(.text) for __aeabi_uldivmod
    printf8.o(i._printf_core) refers to printf8.o(i._printf_post_padding) for _printf_post_padding
    printfa.o(i.__0fprintf) refers (Special) to iusefp.o(.text) for __I$use$fp
    printfa.o(i.__0fprintf) refers to printfa.o(i._printf_core) for _printf_core
    printfa.o(i.__0fprintf) refers to reprintf.o(.text) for fputc
    printfa.o(i.__0printf) refers (Special) to iusefp.o(.text) for __I$use$fp
    printfa.o(i.__0printf) refers to printfa.o(i._printf_core) for _printf_core
    printfa.o(i.__0printf) refers to reprintf.o(.text) for fputc
    printfa.o(i.__0printf) refers to stdout.o(.data) for __stdout
    printfa.o(i.__0snprintf) refers (Special) to iusefp.o(.text) for __I$use$fp
    printfa.o(i.__0snprintf) refers to printfa.o(i._printf_core) for _printf_core
    printfa.o(i.__0snprintf) refers to printfa.o(i._snputc) for _snputc
    printfa.o(i.__0sprintf) refers (Special) to iusefp.o(.text) for __I$use$fp
    printfa.o(i.__0sprintf) refers to printfa.o(i._printf_core) for _printf_core
    printfa.o(i.__0sprintf) refers to printfa.o(i._sputc) for _sputc
    printfa.o(i.__0vfprintf) refers (Special) to iusefp.o(.text) for __I$use$fp
    printfa.o(i.__0vfprintf) refers to printfa.o(i._printf_core) for _printf_core
    printfa.o(i.__0vfprintf) refers to reprintf.o(.text) for fputc
    printfa.o(i.__0vprintf) refers (Special) to iusefp.o(.text) for __I$use$fp
    printfa.o(i.__0vprintf) refers to printfa.o(i._printf_core) for _printf_core
    printfa.o(i.__0vprintf) refers to reprintf.o(.text) for fputc
    printfa.o(i.__0vprintf) refers to stdout.o(.data) for __stdout
    printfa.o(i.__0vsnprintf) refers (Special) to iusefp.o(.text) for __I$use$fp
    printfa.o(i.__0vsnprintf) refers to printfa.o(i._printf_core) for _printf_core
    printfa.o(i.__0vsnprintf) refers to printfa.o(i._snputc) for _snputc
    printfa.o(i.__0vsprintf) refers (Special) to iusefp.o(.text) for __I$use$fp
    printfa.o(i.__0vsprintf) refers to printfa.o(i._printf_core) for _printf_core
    printfa.o(i.__0vsprintf) refers to printfa.o(i._sputc) for _sputc
    printfa.o(i._fp_digits) refers (Special) to iusefp.o(.text) for __I$use$fp
    printfa.o(i._fp_digits) refers to dmul.o(.text) for __aeabi_dmul
    printfa.o(i._fp_digits) refers to ddiv.o(.text) for __aeabi_ddiv
    printfa.o(i._fp_digits) refers to cdrcmple.o(.text) for __aeabi_cdrcmple
    printfa.o(i._fp_digits) refers to dadd.o(.text) for __aeabi_dadd
    printfa.o(i._fp_digits) refers to dfixul.o(.text) for __aeabi_d2ulz
    printfa.o(i._fp_digits) refers to uldiv.o(.text) for __aeabi_uldivmod
    printfa.o(i._printf_core) refers (Special) to iusefp.o(.text) for __I$use$fp
    printfa.o(i._printf_core) refers to printfa.o(i._printf_pre_padding) for _printf_pre_padding
    printfa.o(i._printf_core) refers to uldiv.o(.text) for __aeabi_uldivmod
    printfa.o(i._printf_core) refers to printfa.o(i._printf_post_padding) for _printf_post_padding
    printfa.o(i._printf_core) refers to printfa.o(i._fp_digits) for _fp_digits
    printfa.o(i._printf_core) refers to uidiv.o(.text) for __aeabi_uidivmod
    printfa.o(i._printf_post_padding) refers (Special) to iusefp.o(.text) for __I$use$fp
    printfa.o(i._printf_pre_padding) refers (Special) to iusefp.o(.text) for __I$use$fp
    printfa.o(i._snputc) refers (Special) to iusefp.o(.text) for __I$use$fp
    printfa.o(i._sputc) refers (Special) to iusefp.o(.text) for __I$use$fp
    entry2.o(.ARM.Collect$$$$00000001) refers to entry2.o(.ARM.Collect$$$$00002712) for __lit__00000000
    entry2.o(.ARM.Collect$$$$00002712) refers to startup_stm32f10x_hd.o(STACK) for __initial_sp
    entry2.o(__vectab_stack_and_reset_area) refers to startup_stm32f10x_hd.o(STACK) for __initial_sp
    entry2.o(__vectab_stack_and_reset_area) refers to entry.o(.ARM.Collect$$$$00000000) for __main
    entry5.o(.ARM.Collect$$$$00000004) refers to init.o(.text) for __scatterload
    entry9a.o(.ARM.Collect$$$$0000000B) refers to main.o(.text) for main
    entry9b.o(.ARM.Collect$$$$0000000C) refers to main.o(.text) for main
    uldiv.o(.text) refers to llushr.o(.text) for __aeabi_llsr
    uldiv.o(.text) refers to llshl.o(.text) for __aeabi_llsl
    dadd.o(.text) refers to llshl.o(.text) for __aeabi_llsl
    dadd.o(.text) refers to llsshr.o(.text) for __aeabi_lasr
    dadd.o(.text) refers to depilogue.o(.text) for _double_epilogue
    dmul.o(.text) refers to depilogue.o(.text) for _double_epilogue
    ddiv.o(.text) refers to depilogue.o(.text) for _double_round
    dfixul.o(.text) refers to llushr.o(.text) for __aeabi_llsr
    dfixul.o(.text) refers to llshl.o(.text) for __aeabi_llsl
    init.o(.text) refers to entry5.o(.ARM.Collect$$$$00000004) for __main_after_scatterload
    depilogue.o(.text) refers to llshl.o(.text) for __aeabi_llsl
    depilogue.o(.text) refers to llushr.o(.text) for __aeabi_llsr


==============================================================================

Removing Unused input sections from the image.

    Removing stm32f10x_flash.o(.text), (1332 bytes).
    Removing core_cm3.o(.emb_text), (32 bytes).
    Removing startup_stm32f10x_hd.o(HEAP), (512 bytes).
    Removing dadd.o(.text), (334 bytes).
    Removing dmul.o(.text), (228 bytes).
    Removing ddiv.o(.text), (222 bytes).
    Removing dfixul.o(.text), (48 bytes).
    Removing cdrcmple.o(.text), (40 bytes).
    Removing depilogue.o(.text), (190 bytes).

9 unused section(s) (total 2938 bytes) removed from the image.

==============================================================================

Image Symbol Table

    Local Symbols

    Symbol Name                              Value     Ov Type        Size  Object(Section)

    ../clib/microlib/division.c              0x00000000   Number         0  uldiv.o ABSOLUTE
    ../clib/microlib/division.c              0x00000000   Number         0  uidiv.o ABSOLUTE
    ../clib/microlib/init/entry.s            0x00000000   Number         0  entry2.o ABSOLUTE
    ../clib/microlib/init/entry.s            0x00000000   Number         0  entry5.o ABSOLUTE
    ../clib/microlib/init/entry.s            0x00000000   Number         0  entry.o ABSOLUTE
    ../clib/microlib/init/entry.s            0x00000000   Number         0  entry7a.o ABSOLUTE
    ../clib/microlib/init/entry.s            0x00000000   Number         0  entry7b.o ABSOLUTE
    ../clib/microlib/init/entry.s            0x00000000   Number         0  entry8a.o ABSOLUTE
    ../clib/microlib/init/entry.s            0x00000000   Number         0  entry8b.o ABSOLUTE
    ../clib/microlib/init/entry.s            0x00000000   Number         0  entry9a.o ABSOLUTE
    ../clib/microlib/init/entry.s            0x00000000   Number         0  entry9b.o ABSOLUTE
    ../clib/microlib/init/entry.s            0x00000000   Number         0  entry11a.o ABSOLUTE
    ../clib/microlib/init/entry.s            0x00000000   Number         0  entry10a.o ABSOLUTE
    ../clib/microlib/init/entry.s            0x00000000   Number         0  entry10b.o ABSOLUTE
    ../clib/microlib/init/entry.s            0x00000000   Number         0  entry11b.o ABSOLUTE
    ../clib/microlib/longlong.c              0x00000000   Number         0  llsshr.o ABSOLUTE
    ../clib/microlib/longlong.c              0x00000000   Number         0  llushr.o ABSOLUTE
    ../clib/microlib/longlong.c              0x00000000   Number         0  llshl.o ABSOLUTE
    ../clib/microlib/printf/printf.c         0x00000000   Number         0  printf6.o ABSOLUTE
    ../clib/microlib/printf/printf.c         0x00000000   Number         0  printf5.o ABSOLUTE
    ../clib/microlib/printf/printf.c         0x00000000   Number         0  printf4.o ABSOLUTE
    ../clib/microlib/printf/printf.c         0x00000000   Number         0  printf3.o ABSOLUTE
    ../clib/microlib/printf/printf.c         0x00000000   Number         0  printf2.o ABSOLUTE
    ../clib/microlib/printf/printf.c         0x00000000   Number         0  printf1.o ABSOLUTE
    ../clib/microlib/printf/printf.c         0x00000000   Number         0  printfb.o ABSOLUTE
    ../clib/microlib/printf/printf.c         0x00000000   Number         0  printf7.o ABSOLUTE
    ../clib/microlib/printf/printf.c         0x00000000   Number         0  printf0.o ABSOLUTE
    ../clib/microlib/printf/printf.c         0x00000000   Number         0  printfa.o ABSOLUTE
    ../clib/microlib/printf/printf.c         0x00000000   Number         0  printf8.o ABSOLUTE
    ../clib/microlib/printf/stubs.s          0x00000000   Number         0  stubs.o ABSOLUTE
    ../clib/microlib/stdio/streams.c         0x00000000   Number         0  stdout.o ABSOLUTE
    ../clib/microlib/stubs.s                 0x00000000   Number         0  iusefp.o ABSOLUTE
    ../fplib/microlib/fpadd.c                0x00000000   Number         0  dadd.o ABSOLUTE
    ../fplib/microlib/fpdiv.c                0x00000000   Number         0  ddiv.o ABSOLUTE
    ../fplib/microlib/fpepilogue.c           0x00000000   Number         0  depilogue.o ABSOLUTE
    ../fplib/microlib/fpfix.c                0x00000000   Number         0  dfixul.o ABSOLUTE
    ../fplib/microlib/fpmul.c                0x00000000   Number         0  dmul.o ABSOLUTE
    ..\..\Libraries\CMSIS\CM3\CoreSupport\core_cm3.c 0x00000000   Number         0  core_cm3.o ABSOLUTE
    ..\..\Libraries\CMSIS\CM3\DeviceSupport\ST\STM32F10x\startup\arm\startup_stm32f10x_hd.s 0x00000000   Number         0  startup_stm32f10x_hd.o ABSOLUTE
    ..\..\Libraries\CMSIS\CM3\DeviceSupport\ST\STM32F10x\system_stm32f10x.c 0x00000000   Number         0  system_stm32f10x.o ABSOLUTE
    ..\..\Libraries\STM32F10x_StdPeriph_Driver\src\misc.c 0x00000000   Number         0  misc.o ABSOLUTE
    ..\..\Libraries\STM32F10x_StdPeriph_Driver\src\stm32f10x_exti.c 0x00000000   Number         0  stm32f10x_exti.o ABSOLUTE
    ..\..\Libraries\STM32F10x_StdPeriph_Driver\src\stm32f10x_flash.c 0x00000000   Number         0  stm32f10x_flash.o ABSOLUTE
    ..\..\Libraries\STM32F10x_StdPeriph_Driver\src\stm32f10x_gpio.c 0x00000000   Number         0  stm32f10x_gpio.o ABSOLUTE
    ..\..\Libraries\STM32F10x_StdPeriph_Driver\src\stm32f10x_rcc.c 0x00000000   Number         0  stm32f10x_rcc.o ABSOLUTE
    ..\..\Libraries\STM32F10x_StdPeriph_Driver\src\stm32f10x_tim.c 0x00000000   Number         0  stm32f10x_tim.o ABSOLUTE
    ..\..\Libraries\STM32F10x_StdPeriph_Driver\src\stm32f10x_usart.c 0x00000000   Number         0  stm32f10x_usart.o ABSOLUTE
    ..\Code\main.c                           0x00000000   Number         0  main.o ABSOLUTE
    ..\Code\stm32f10x_it.c                   0x00000000   Number         0  stm32f10x_it.o ABSOLUTE
    ..\LCD16x2\lcd_16x2.c                    0x00000000   Number         0  lcd_16x2.o ABSOLUTE
    ..\User\Source C\24cxx.c                 0x00000000   Number         0  24cxx.o ABSOLUTE
    ..\User\Source C\i2c.c                   0x00000000   Number         0  i2c.o ABSOLUTE
    ..\\..\\Libraries\\CMSIS\\CM3\\CoreSupport\\core_cm3.c 0x00000000   Number         0  core_cm3.o ABSOLUTE
    ..\reprintf\reprintf.c                   0x00000000   Number         0  reprintf.o ABSOLUTE
    cdrcmple.s                               0x00000000   Number         0  cdrcmple.o ABSOLUTE
    dc.s                                     0x00000000   Number         0  dc.o ABSOLUTE
    handlers.s                               0x00000000   Number         0  handlers.o ABSOLUTE
    init.s                                   0x00000000   Number         0  init.o ABSOLUTE
    RESET                                    0x08000000   Section      304  startup_stm32f10x_hd.o(RESET)
    .ARM.Collect$$$$00000000                 0x08000130   Section        0  entry.o(.ARM.Collect$$$$00000000)
    .ARM.Collect$$$$00000001                 0x08000130   Section        4  entry2.o(.ARM.Collect$$$$00000001)
    .ARM.Collect$$$$00000004                 0x08000134   Section        4  entry5.o(.ARM.Collect$$$$00000004)
    .ARM.Collect$$$$00000008                 0x08000138   Section        0  entry7b.o(.ARM.Collect$$$$00000008)
    .ARM.Collect$$$$0000000A                 0x08000138   Section        0  entry8b.o(.ARM.Collect$$$$0000000A)
    .ARM.Collect$$$$0000000B                 0x08000138   Section        8  entry9a.o(.ARM.Collect$$$$0000000B)
    .ARM.Collect$$$$0000000D                 0x08000140   Section        0  entry10a.o(.ARM.Collect$$$$0000000D)
    .ARM.Collect$$$$0000000F                 0x08000140   Section        0  entry11a.o(.ARM.Collect$$$$0000000F)
    .ARM.Collect$$$$00002712                 0x08000140   Section        4  entry2.o(.ARM.Collect$$$$00002712)
    __lit__00000000                          0x08000140   Data           4  entry2.o(.ARM.Collect$$$$00002712)
    .text                                    0x08000144   Section        0  reprintf.o(.text)
    .text                                    0x0800017c   Section        0  main.o(.text)
    .text                                    0x08001680   Section        0  stm32f10x_it.o(.text)
    .text                                    0x08001818   Section        0  stm32f10x_tim.o(.text)
    TI4_Config                               0x08001b25   Thumb Code    80  stm32f10x_tim.o(.text)
    TI3_Config                               0x08001b87   Thumb Code    72  stm32f10x_tim.o(.text)
    TI2_Config                               0x08001be9   Thumb Code   110  stm32f10x_tim.o(.text)
    TI1_Config                               0x08001c69   Thumb Code    56  stm32f10x_tim.o(.text)
    .text                                    0x080023b0   Section        0  stm32f10x_exti.o(.text)
    .text                                    0x080024cc   Section        0  24cxx.o(.text)
    .text                                    0x080025a8   Section        0  i2c.o(.text)
    .text                                    0x08002744   Section        0  lcd_16x2.o(.text)
    .text                                    0x08002948   Section        0  misc.o(.text)
    .text                                    0x08002a24   Section        0  stm32f10x_gpio.o(.text)
    .text                                    0x08002d5c   Section        0  stm32f10x_usart.o(.text)
    .text                                    0x08003100   Section        0  stm32f10x_rcc.o(.text)
    .text                                    0x080034a4   Section        0  system_stm32f10x.o(.text)
    SetSysClockTo72                          0x080034a5   Thumb Code   218  system_stm32f10x.o(.text)
    SetSysClock                              0x0800357f   Thumb Code     8  system_stm32f10x.o(.text)
    .text                                    0x080035e0   Section       36  startup_stm32f10x_hd.o(.text)
    .text                                    0x08003604   Section        0  uldiv.o(.text)
    .text                                    0x08003668   Section       36  init.o(.text)
    .text                                    0x0800368c   Section        0  llshl.o(.text)
    .text                                    0x080036aa   Section        0  llushr.o(.text)
    i.__0printf$8                            0x080036cc   Section        0  printf8.o(i.__0printf$8)
    i.__scatterload_copy                     0x080036ec   Section       14  handlers.o(i.__scatterload_copy)
    i.__scatterload_null                     0x080036fa   Section        2  handlers.o(i.__scatterload_null)
    i.__scatterload_zeroinit                 0x080036fc   Section       14  handlers.o(i.__scatterload_zeroinit)
    i._printf_core                           0x0800370c   Section        0  printf8.o(i._printf_core)
    _printf_core                             0x0800370d   Thumb Code   988  printf8.o(i._printf_core)
    i._printf_post_padding                   0x08003b14   Section        0  printf8.o(i._printf_post_padding)
    _printf_post_padding                     0x08003b15   Thumb Code    38  printf8.o(i._printf_post_padding)
    i._printf_pre_padding                    0x08003b3a   Section        0  printf8.o(i._printf_pre_padding)
    _printf_pre_padding                      0x08003b3b   Thumb Code    48  printf8.o(i._printf_pre_padding)
    .data                                    0x20000000   Section       91  main.o(.data)
    quet_button                              0x2000000e   Data           1  main.o(.data)
    button_1                                 0x2000000f   Data           1  main.o(.data)
    button_2                                 0x20000010   Data           1  main.o(.data)
    button_3                                 0x20000011   Data           1  main.o(.data)
    button_4                                 0x20000012   Data           1  main.o(.data)
    button_5                                 0x20000013   Data           1  main.o(.data)
    button_Mode_1                            0x20000014   Data           1  main.o(.data)
    button_Mode_2                            0x20000015   Data           1  main.o(.data)
    button_IR                                0x20000016   Data           1  main.o(.data)
    TimingDelay                              0x2000001c   Data           4  main.o(.data)
    .data                                    0x2000005b   Section        2  stm32f10x_it.o(.data)
    Bit_star                                 0x2000005b   Data           1  stm32f10x_it.o(.data)
    n                                        0x2000005c   Data           1  stm32f10x_it.o(.data)
    .data                                    0x2000005d   Section       20  stm32f10x_rcc.o(.data)
    APBAHBPrescTable                         0x2000005d   Data          16  stm32f10x_rcc.o(.data)
    ADCPrescTable                            0x2000006d   Data           4  stm32f10x_rcc.o(.data)
    .data                                    0x20000074   Section        4  system_stm32f10x.o(.data)
    .data                                    0x20000078   Section        4  stdout.o(.data)
    .bss                                     0x2000007c   Section       48  main.o(.bss)
    STACK                                    0x200000b0   Section     1024  startup_stm32f10x_hd.o(STACK)

    Global Symbols

    Symbol Name                              Value     Ov Type        Size  Object(Section)

    BuildAttributes$$THM_ISAv4$P$D$K$B$S$PE$A:L22UL41UL21$X:L11$S22US41US21$IEEE1$IW$USESV6$~STKCKD$USESV7$~SHL$OSPACE$ROPI$EBA8$MICROLIB$REQ8$PRES8$EABIv2 0x00000000   Number         0  anon$$obj.o ABSOLUTE
    __ARM_use_no_argv                        0x00000000   Number         0  main.o ABSOLUTE
    _printf_a                                0x00000000   Number         0  stubs.o ABSOLUTE
    _printf_c                                0x00000000   Number         0  stubs.o ABSOLUTE
    _printf_charcount                        0x00000000   Number         0  stubs.o ABSOLUTE
    _printf_d                                0x00000000   Number         0  stubs.o ABSOLUTE
    _printf_e                                0x00000000   Number         0  stubs.o ABSOLUTE
    _printf_f                                0x00000000   Number         0  stubs.o ABSOLUTE
    _printf_flags                            0x00000000   Number         0  stubs.o ABSOLUTE
    _printf_fp_dec                           0x00000000   Number         0  stubs.o ABSOLUTE
    _printf_fp_hex                           0x00000000   Number         0  stubs.o ABSOLUTE
    _printf_g                                0x00000000   Number         0  stubs.o ABSOLUTE
    _printf_i                                0x00000000   Number         0  stubs.o ABSOLUTE
    _printf_int_dec                          0x00000000   Number         0  stubs.o ABSOLUTE
    _printf_l                                0x00000000   Number         0  stubs.o ABSOLUTE
    _printf_lc                               0x00000000   Number         0  stubs.o ABSOLUTE
    _printf_ll                               0x00000000   Number         0  stubs.o ABSOLUTE
    _printf_lld                              0x00000000   Number         0  stubs.o ABSOLUTE
    _printf_lli                              0x00000000   Number         0  stubs.o ABSOLUTE
    _printf_llo                              0x00000000   Number         0  stubs.o ABSOLUTE
    _printf_llu                              0x00000000   Number         0  stubs.o ABSOLUTE
    _printf_llx                              0x00000000   Number         0  stubs.o ABSOLUTE
    _printf_longlong_dec                     0x00000000   Number         0  stubs.o ABSOLUTE
    _printf_longlong_hex                     0x00000000   Number         0  stubs.o ABSOLUTE
    _printf_longlong_oct                     0x00000000   Number         0  stubs.o ABSOLUTE
    _printf_ls                               0x00000000   Number         0  stubs.o ABSOLUTE
    _printf_mbtowc                           0x00000000   Number         0  stubs.o ABSOLUTE
    _printf_n                                0x00000000   Number         0  stubs.o ABSOLUTE
    _printf_o                                0x00000000   Number         0  stubs.o ABSOLUTE
    _printf_p                                0x00000000   Number         0  stubs.o ABSOLUTE
    _printf_percent                          0x00000000   Number         0  stubs.o ABSOLUTE
    _printf_pre_padding                      0x00000000   Number         0  stubs.o ABSOLUTE
    _printf_return_value                     0x00000000   Number         0  stubs.o ABSOLUTE
    _printf_s                                0x00000000   Number         0  stubs.o ABSOLUTE
    _printf_sizespec                         0x00000000   Number         0  stubs.o ABSOLUTE
    _printf_str                              0x00000000   Number         0  stubs.o ABSOLUTE
    _printf_truncate_signed                  0x00000000   Number         0  stubs.o ABSOLUTE
    _printf_truncate_unsigned                0x00000000   Number         0  stubs.o ABSOLUTE
    _printf_u                                0x00000000   Number         0  stubs.o ABSOLUTE
    _printf_wc                               0x00000000   Number         0  stubs.o ABSOLUTE
    _printf_wctomb                           0x00000000   Number         0  stubs.o ABSOLUTE
    _printf_widthprec                        0x00000000   Number         0  stubs.o ABSOLUTE
    _printf_x                                0x00000000   Number         0  stubs.o ABSOLUTE
    __cpp_initialize__aeabi_                  - Undefined Weak Reference
    __cxa_finalize                            - Undefined Weak Reference
    __decompress                              - Undefined Weak Reference
    _clock_init                               - Undefined Weak Reference
    _microlib_exit                            - Undefined Weak Reference
    __Vectors_Size                           0x00000130   Number         0  startup_stm32f10x_hd.o ABSOLUTE
    __Vectors                                0x08000000   Data           4  startup_stm32f10x_hd.o(RESET)
    __Vectors_End                            0x08000130   Data           0  startup_stm32f10x_hd.o(RESET)
    __main                                   0x08000131   Thumb Code     0  entry.o(.ARM.Collect$$$$00000000)
    _main_stk                                0x08000131   Thumb Code     0  entry2.o(.ARM.Collect$$$$00000001)
    _main_scatterload                        0x08000135   Thumb Code     0  entry5.o(.ARM.Collect$$$$00000004)
    __main_after_scatterload                 0x08000139   Thumb Code     0  entry5.o(.ARM.Collect$$$$00000004)
    _main_clock                              0x08000139   Thumb Code     0  entry7b.o(.ARM.Collect$$$$00000008)
    _main_cpp_init                           0x08000139   Thumb Code     0  entry8b.o(.ARM.Collect$$$$0000000A)
    _main_init                               0x08000139   Thumb Code     0  entry9a.o(.ARM.Collect$$$$0000000B)
    __rt_final_cpp                           0x08000141   Thumb Code     0  entry10a.o(.ARM.Collect$$$$0000000D)
    __rt_final_exit                          0x08000141   Thumb Code     0  entry11a.o(.ARM.Collect$$$$0000000F)
    fputc                                    0x08000145   Thumb Code    46  reprintf.o(.text)
    PWM_CH1                                  0x0800017d   Thumb Code     4  main.o(.text)
    Delay_ms                                 0x08000181   Thumb Code    20  main.o(.text)
    Out_data_IR                              0x08000195   Thumb Code   614  main.o(.text)
    View_data                                0x080003fb   Thumb Code    96  main.o(.text)
    BIT_BYTE                                 0x0800045b   Thumb Code    50  main.o(.text)
    Write_data                               0x0800048d   Thumb Code   152  main.o(.text)
    BUTTON                                   0x08000525   Thumb Code   886  main.o(.text)
    PWM_timer_init                           0x0800089b   Thumb Code   166  main.o(.text)
    CH_Timer_GPIO_Configuration              0x08000941   Thumb Code    42  main.o(.text)
    get_clock                                0x0800096b   Thumb Code    20  main.o(.text)
    _Delay_ms_mem                            0x0800097f   Thumb Code    22  main.o(.text)
    ext_line0_init                           0x08000995   Thumb Code   222  main.o(.text)
    TIM1_Configuration                       0x08000a73   Thumb Code    80  main.o(.text)
    Timer3_init                              0x08000ac3   Thumb Code    88  main.o(.text)
    Timer2_init                              0x08000b1b   Thumb Code    92  main.o(.text)
    USART1_Configuration                     0x08000b77   Thumb Code    80  main.o(.text)
    IO_config                                0x08000bc7   Thumb Code    78  main.o(.text)
    RCC_Configuration                        0x08000c15   Thumb Code    20  main.o(.text)
    main                                     0x08000c29   Thumb Code  2358  main.o(.text)
    NOT_BIT_BYTE                             0x0800155f   Thumb Code   150  main.o(.text)
    PWM_CH2                                  0x080015f5   Thumb Code     4  main.o(.text)
    PWM_CH3                                  0x080015f9   Thumb Code     4  main.o(.text)
    PWM_CH4                                  0x080015fd   Thumb Code     6  main.o(.text)
    _Delay_us_mem                            0x08001603   Thumb Code    20  main.o(.text)
    Delay                                    0x08001617   Thumb Code    32  main.o(.text)
    TimingDelay_Decrement                    0x08001637   Thumb Code    18  main.o(.text)
    NMI_Handler                              0x08001681   Thumb Code     2  stm32f10x_it.o(.text)
    HardFault_Handler                        0x08001683   Thumb Code     4  stm32f10x_it.o(.text)
    MemManage_Handler                        0x08001687   Thumb Code     4  stm32f10x_it.o(.text)
    BusFault_Handler                         0x0800168b   Thumb Code     4  stm32f10x_it.o(.text)
    UsageFault_Handler                       0x0800168f   Thumb Code     4  stm32f10x_it.o(.text)
    DebugMon_Handler                         0x08001693   Thumb Code     2  stm32f10x_it.o(.text)
    SVC_Handler                              0x08001695   Thumb Code     2  stm32f10x_it.o(.text)
    PendSV_Handler                           0x08001697   Thumb Code     2  stm32f10x_it.o(.text)
    SysTick_Handler                          0x08001699   Thumb Code     8  stm32f10x_it.o(.text)
    WWDG_IRQHandler                          0x080016a1   Thumb Code     2  stm32f10x_it.o(.text)
    PVD_IRQHandler                           0x080016a3   Thumb Code     2  stm32f10x_it.o(.text)
    TAMPER_IRQHandler                        0x080016a5   Thumb Code     2  stm32f10x_it.o(.text)
    RTC_IRQHandler                           0x080016a7   Thumb Code     2  stm32f10x_it.o(.text)
    FLASH_IRQHandler                         0x080016a9   Thumb Code     2  stm32f10x_it.o(.text)
    RCC_IRQHandler                           0x080016ab   Thumb Code     2  stm32f10x_it.o(.text)
    EXTI0_IRQHandler                         0x080016ad   Thumb Code   170  stm32f10x_it.o(.text)
    EXTI1_IRQHandler                         0x08001757   Thumb Code     2  stm32f10x_it.o(.text)
    EXTI2_IRQHandler                         0x08001759   Thumb Code     2  stm32f10x_it.o(.text)
    EXTI3_IRQHandler                         0x0800175b   Thumb Code     2  stm32f10x_it.o(.text)
    EXTI4_IRQHandler                         0x0800175d   Thumb Code     2  stm32f10x_it.o(.text)
    DMA1_Channel1_IRQHandler                 0x0800175f   Thumb Code     2  stm32f10x_it.o(.text)
    DMA1_Channel2_IRQHandler                 0x08001761   Thumb Code     2  stm32f10x_it.o(.text)
    DMA1_Channel3_IRQHandler                 0x08001763   Thumb Code     2  stm32f10x_it.o(.text)
    DMA1_Channel4_IRQHandler                 0x08001765   Thumb Code     2  stm32f10x_it.o(.text)
    DMA1_Channel5_IRQHandler                 0x08001767   Thumb Code     2  stm32f10x_it.o(.text)
    DMA1_Channel6_IRQHandler                 0x08001769   Thumb Code     2  stm32f10x_it.o(.text)
    DMA1_Channel7_IRQHandler                 0x0800176b   Thumb Code     2  stm32f10x_it.o(.text)
    ADC1_2_IRQHandler                        0x0800176d   Thumb Code     2  stm32f10x_it.o(.text)
    USB_HP_CAN_TX_IRQHandler                 0x0800176f   Thumb Code     2  stm32f10x_it.o(.text)
    USB_LP_CAN_RX0_IRQHandler                0x08001771   Thumb Code     2  stm32f10x_it.o(.text)
    CAN_RX1_IRQHandler                       0x08001773   Thumb Code     2  stm32f10x_it.o(.text)
    CAN_SCE_IRQHandler                       0x08001775   Thumb Code     2  stm32f10x_it.o(.text)
    EXTI9_5_IRQHandler                       0x08001777   Thumb Code     2  stm32f10x_it.o(.text)
    TIM1_BRK_IRQHandler                      0x08001779   Thumb Code     2  stm32f10x_it.o(.text)
    TIM1_UP_IRQHandler                       0x0800177b   Thumb Code    26  stm32f10x_it.o(.text)
    TIM1_TRG_COM_IRQHandler                  0x08001795   Thumb Code     2  stm32f10x_it.o(.text)
    TIM1_CC_IRQHandler                       0x08001797   Thumb Code     2  stm32f10x_it.o(.text)
    TIM2_IRQHandler                          0x08001799   Thumb Code    22  stm32f10x_it.o(.text)
    TIM3_IRQHandler                          0x080017af   Thumb Code    22  stm32f10x_it.o(.text)
    TIM4_IRQHandler                          0x080017c5   Thumb Code     2  stm32f10x_it.o(.text)
    I2C1_EV_IRQHandler                       0x080017c7   Thumb Code     2  stm32f10x_it.o(.text)
    I2C1_ER_IRQHandler                       0x080017c9   Thumb Code     2  stm32f10x_it.o(.text)
    I2C2_EV_IRQHandler                       0x080017cb   Thumb Code     2  stm32f10x_it.o(.text)
    I2C2_ER_IRQHandler                       0x080017cd   Thumb Code     2  stm32f10x_it.o(.text)
    SPI1_IRQHandler                          0x080017cf   Thumb Code     2  stm32f10x_it.o(.text)
    SPI2_IRQHandler                          0x080017d1   Thumb Code     2  stm32f10x_it.o(.text)
    USART1_IRQHandler                        0x080017d3   Thumb Code     2  stm32f10x_it.o(.text)
    USART2_IRQHandler                        0x080017d5   Thumb Code     2  stm32f10x_it.o(.text)
    USART3_IRQHandler                        0x080017d7   Thumb Code     2  stm32f10x_it.o(.text)
    EXTI15_10_IRQHandler                     0x080017d9   Thumb Code     2  stm32f10x_it.o(.text)
    RTCAlarm_IRQHandler                      0x080017db   Thumb Code     2  stm32f10x_it.o(.text)
    USBWakeUp_IRQHandler                     0x080017dd   Thumb Code     2  stm32f10x_it.o(.text)
    TIM8_BRK_IRQHandler                      0x080017df   Thumb Code     2  stm32f10x_it.o(.text)
    TIM8_UP_IRQHandler                       0x080017e1   Thumb Code     2  stm32f10x_it.o(.text)
    TIM8_TRG_COM_IRQHandler                  0x080017e3   Thumb Code     2  stm32f10x_it.o(.text)
    TIM8_CC_IRQHandler                       0x080017e5   Thumb Code     2  stm32f10x_it.o(.text)
    ADC3_IRQHandler                          0x080017e7   Thumb Code     2  stm32f10x_it.o(.text)
    FSMC_IRQHandler                          0x080017e9   Thumb Code     2  stm32f10x_it.o(.text)
    SDIO_IRQHandler                          0x080017eb   Thumb Code     2  stm32f10x_it.o(.text)
    TIM5_IRQHandler                          0x080017ed   Thumb Code     2  stm32f10x_it.o(.text)
    SPI3_IRQHandler                          0x080017ef   Thumb Code     2  stm32f10x_it.o(.text)
    UART4_IRQHandler                         0x080017f1   Thumb Code     2  stm32f10x_it.o(.text)
    UART5_IRQHandler                         0x080017f3   Thumb Code     2  stm32f10x_it.o(.text)
    TIM6_IRQHandler                          0x080017f5   Thumb Code     2  stm32f10x_it.o(.text)
    TIM7_IRQHandler                          0x080017f7   Thumb Code     2  stm32f10x_it.o(.text)
    DMA2_Channel1_IRQHandler                 0x080017f9   Thumb Code     2  stm32f10x_it.o(.text)
    DMA2_Channel2_IRQHandler                 0x080017fb   Thumb Code     2  stm32f10x_it.o(.text)
    DMA2_Channel3_IRQHandler                 0x080017fd   Thumb Code     2  stm32f10x_it.o(.text)
    DMA2_Channel4_5_IRQHandler               0x080017ff   Thumb Code     2  stm32f10x_it.o(.text)
    TIM_DeInit                               0x08001819   Thumb Code   196  stm32f10x_tim.o(.text)
    TIM_TimeBaseInit                         0x080018dd   Thumb Code    50  stm32f10x_tim.o(.text)
    TIM_OC1Init                              0x0800190f   Thumb Code   110  stm32f10x_tim.o(.text)
    TIM_OC2Init                              0x0800197d   Thumb Code   148  stm32f10x_tim.o(.text)
    TIM_OC3Init                              0x08001a11   Thumb Code   144  stm32f10x_tim.o(.text)
    TIM_OC4Init                              0x08001aa1   Thumb Code   106  stm32f10x_tim.o(.text)
    TIM_SetIC4Prescaler                      0x08001b0b   Thumb Code    26  stm32f10x_tim.o(.text)
    TIM_SetIC3Prescaler                      0x08001b75   Thumb Code    18  stm32f10x_tim.o(.text)
    TIM_SetIC2Prescaler                      0x08001bcf   Thumb Code    26  stm32f10x_tim.o(.text)
    TIM_SetIC1Prescaler                      0x08001c57   Thumb Code    18  stm32f10x_tim.o(.text)
    TIM_ICInit                               0x08001ca1   Thumb Code   110  stm32f10x_tim.o(.text)
    TIM_PWMIConfig                           0x08001d0f   Thumb Code   124  stm32f10x_tim.o(.text)
    TIM_BDTRConfig                           0x08001d8b   Thumb Code    32  stm32f10x_tim.o(.text)
    TIM_TimeBaseStructInit                   0x08001dab   Thumb Code    18  stm32f10x_tim.o(.text)
    TIM_OCStructInit                         0x08001dbd   Thumb Code    20  stm32f10x_tim.o(.text)
    TIM_ICStructInit                         0x08001dd1   Thumb Code    18  stm32f10x_tim.o(.text)
    TIM_BDTRStructInit                       0x08001de3   Thumb Code    18  stm32f10x_tim.o(.text)
    TIM_Cmd                                  0x08001df5   Thumb Code    24  stm32f10x_tim.o(.text)
    TIM_CtrlPWMOutputs                       0x08001e0d   Thumb Code    30  stm32f10x_tim.o(.text)
    TIM_ITConfig                             0x08001e2b   Thumb Code    18  stm32f10x_tim.o(.text)
    TIM_GenerateEvent                        0x08001e3d   Thumb Code     4  stm32f10x_tim.o(.text)
    TIM_DMAConfig                            0x08001e41   Thumb Code    10  stm32f10x_tim.o(.text)
    TIM_DMACmd                               0x08001e4b   Thumb Code    18  stm32f10x_tim.o(.text)
    TIM_InternalClockConfig                  0x08001e5d   Thumb Code    12  stm32f10x_tim.o(.text)
    TIM_SelectInputTrigger                   0x08001e69   Thumb Code    18  stm32f10x_tim.o(.text)
    TIM_ITRxExternalClockConfig              0x08001e7b   Thumb Code    24  stm32f10x_tim.o(.text)
    TIM_TIxExternalClockConfig               0x08001e93   Thumb Code    62  stm32f10x_tim.o(.text)
    TIM_ETRConfig                            0x08001ed1   Thumb Code    28  stm32f10x_tim.o(.text)
    TIM_ETRClockMode1Config                  0x08001eed   Thumb Code    54  stm32f10x_tim.o(.text)
    TIM_ETRClockMode2Config                  0x08001f23   Thumb Code    32  stm32f10x_tim.o(.text)
    TIM_PrescalerConfig                      0x08001f43   Thumb Code     6  stm32f10x_tim.o(.text)
    TIM_CounterModeConfig                    0x08001f49   Thumb Code    18  stm32f10x_tim.o(.text)
    TIM_EncoderInterfaceConfig               0x08001f5b   Thumb Code    66  stm32f10x_tim.o(.text)
    TIM_ForcedOC1Config                      0x08001f9d   Thumb Code    18  stm32f10x_tim.o(.text)
    TIM_ForcedOC2Config                      0x08001faf   Thumb Code    26  stm32f10x_tim.o(.text)
    TIM_ForcedOC3Config                      0x08001fc9   Thumb Code    18  stm32f10x_tim.o(.text)
    TIM_ForcedOC4Config                      0x08001fdb   Thumb Code    26  stm32f10x_tim.o(.text)
    TIM_ARRPreloadConfig                     0x08001ff5   Thumb Code    24  stm32f10x_tim.o(.text)
    TIM_SelectCOM                            0x0800200d   Thumb Code    24  stm32f10x_tim.o(.text)
    TIM_SelectCCDMA                          0x08002025   Thumb Code    24  stm32f10x_tim.o(.text)
    TIM_CCPreloadControl                     0x0800203d   Thumb Code    24  stm32f10x_tim.o(.text)
    TIM_OC1PreloadConfig                     0x08002055   Thumb Code    18  stm32f10x_tim.o(.text)
    TIM_OC2PreloadConfig                     0x08002067   Thumb Code    26  stm32f10x_tim.o(.text)
    TIM_OC3PreloadConfig                     0x08002081   Thumb Code    18  stm32f10x_tim.o(.text)
    TIM_OC4PreloadConfig                     0x08002093   Thumb Code    26  stm32f10x_tim.o(.text)
    TIM_OC1FastConfig                        0x080020ad   Thumb Code    18  stm32f10x_tim.o(.text)
    TIM_OC2FastConfig                        0x080020bf   Thumb Code    26  stm32f10x_tim.o(.text)
    TIM_OC3FastConfig                        0x080020d9   Thumb Code    18  stm32f10x_tim.o(.text)
    TIM_OC4FastConfig                        0x080020eb   Thumb Code    26  stm32f10x_tim.o(.text)
    TIM_ClearOC1Ref                          0x08002105   Thumb Code    18  stm32f10x_tim.o(.text)
    TIM_ClearOC2Ref                          0x08002117   Thumb Code    24  stm32f10x_tim.o(.text)
    TIM_ClearOC3Ref                          0x0800212f   Thumb Code    18  stm32f10x_tim.o(.text)
    TIM_ClearOC4Ref                          0x08002141   Thumb Code    24  stm32f10x_tim.o(.text)
    TIM_OC1PolarityConfig                    0x08002159   Thumb Code    18  stm32f10x_tim.o(.text)
    TIM_OC1NPolarityConfig                   0x0800216b   Thumb Code    18  stm32f10x_tim.o(.text)
    TIM_OC2PolarityConfig                    0x0800217d   Thumb Code    26  stm32f10x_tim.o(.text)
    TIM_OC2NPolarityConfig                   0x08002197   Thumb Code    26  stm32f10x_tim.o(.text)
    TIM_OC3PolarityConfig                    0x080021b1   Thumb Code    26  stm32f10x_tim.o(.text)
    TIM_OC3NPolarityConfig                   0x080021cb   Thumb Code    26  stm32f10x_tim.o(.text)
    TIM_OC4PolarityConfig                    0x080021e5   Thumb Code    26  stm32f10x_tim.o(.text)
    TIM_CCxCmd                               0x080021ff   Thumb Code    30  stm32f10x_tim.o(.text)
    TIM_CCxNCmd                              0x0800221d   Thumb Code    30  stm32f10x_tim.o(.text)
    TIM_SelectOCxM                           0x0800223b   Thumb Code    86  stm32f10x_tim.o(.text)
    TIM_UpdateDisableConfig                  0x08002291   Thumb Code    24  stm32f10x_tim.o(.text)
    TIM_UpdateRequestConfig                  0x080022a9   Thumb Code    24  stm32f10x_tim.o(.text)
    TIM_SelectHallSensor                     0x080022c1   Thumb Code    24  stm32f10x_tim.o(.text)
    TIM_SelectOnePulseMode                   0x080022d9   Thumb Code    18  stm32f10x_tim.o(.text)
    TIM_SelectOutputTrigger                  0x080022eb   Thumb Code    18  stm32f10x_tim.o(.text)
    TIM_SelectSlaveMode                      0x080022fd   Thumb Code    18  stm32f10x_tim.o(.text)
    TIM_SelectMasterSlaveMode                0x0800230f   Thumb Code    18  stm32f10x_tim.o(.text)
    TIM_SetCounter                           0x08002321   Thumb Code     4  stm32f10x_tim.o(.text)
    TIM_SetAutoreload                        0x08002325   Thumb Code     4  stm32f10x_tim.o(.text)
    TIM_SetCompare1                          0x08002329   Thumb Code     4  stm32f10x_tim.o(.text)
    TIM_SetCompare2                          0x0800232d   Thumb Code     4  stm32f10x_tim.o(.text)
    TIM_SetCompare3                          0x08002331   Thumb Code     4  stm32f10x_tim.o(.text)
    TIM_SetCompare4                          0x08002335   Thumb Code     6  stm32f10x_tim.o(.text)
    TIM_SetClockDivision                     0x0800233b   Thumb Code    14  stm32f10x_tim.o(.text)
    TIM_GetCapture1                          0x08002349   Thumb Code     6  stm32f10x_tim.o(.text)
    TIM_GetCapture2                          0x0800234f   Thumb Code     6  stm32f10x_tim.o(.text)
    TIM_GetCapture3                          0x08002355   Thumb Code     6  stm32f10x_tim.o(.text)
    TIM_GetCapture4                          0x0800235b   Thumb Code     8  stm32f10x_tim.o(.text)
    TIM_GetCounter                           0x08002363   Thumb Code     6  stm32f10x_tim.o(.text)
    TIM_GetPrescaler                         0x08002369   Thumb Code     6  stm32f10x_tim.o(.text)
    TIM_GetFlagStatus                        0x0800236f   Thumb Code    18  stm32f10x_tim.o(.text)
    TIM_ClearFlag                            0x08002381   Thumb Code     6  stm32f10x_tim.o(.text)
    TIM_GetITStatus                          0x08002387   Thumb Code    34  stm32f10x_tim.o(.text)
    TIM_ClearITPendingBit                    0x080023a9   Thumb Code     6  stm32f10x_tim.o(.text)
    EXTI_DeInit                              0x080023b1   Thumb Code    28  stm32f10x_exti.o(.text)
    EXTI_Init                                0x080023cd   Thumb Code   142  stm32f10x_exti.o(.text)
    EXTI_StructInit                          0x0800245b   Thumb Code    16  stm32f10x_exti.o(.text)
    EXTI_GenerateSWInterrupt                 0x0800246b   Thumb Code    16  stm32f10x_exti.o(.text)
    EXTI_GetFlagStatus                       0x0800247b   Thumb Code    22  stm32f10x_exti.o(.text)
    EXTI_ClearFlag                           0x08002491   Thumb Code     8  stm32f10x_exti.o(.text)
    EXTI_GetITStatus                         0x08002499   Thumb Code    34  stm32f10x_exti.o(.text)
    EXTI_ClearITPendingBit                   0x080024bb   Thumb Code     8  stm32f10x_exti.o(.text)
    EEP24CXX_IsReady                         0x080024cd   Thumb Code    22  24cxx.o(.text)
    EEP24CXX_WriteData                       0x080024e3   Thumb Code    54  24cxx.o(.text)
    EEP24CXX_ReadData                        0x08002519   Thumb Code    72  24cxx.o(.text)
    EEP24CXX_WriteMultiData                  0x08002561   Thumb Code    34  24cxx.o(.text)
    EEP24CXX_ReadMultiData                   0x08002583   Thumb Code    38  24cxx.o(.text)
    GPIO_SetState                            0x080025a9   Thumb Code    32  i2c.o(.text)
    I2CSOFT_Init                             0x080025c9   Thumb Code    40  i2c.o(.text)
    I2CSOFT_Start                            0x080025f1   Thumb Code    42  i2c.o(.text)
    I2CSOFT_Stop                             0x0800261b   Thumb Code    46  i2c.o(.text)
    I2CSOFT_WriteData                        0x08002649   Thumb Code   122  i2c.o(.text)
    I2CSOFT_ReadData                         0x080026c3   Thumb Code   112  i2c.o(.text)
    LCD_Enable                               0x08002745   Thumb Code    36  lcd_16x2.o(.text)
    LCD_Send4Bit                             0x08002769   Thumb Code   142  lcd_16x2.o(.text)
    LCD_SendCommand                          0x080027f7   Thumb Code    26  lcd_16x2.o(.text)
    LCD_GPIO_config                          0x08002811   Thumb Code    74  lcd_16x2.o(.text)
    LCD_Init                                 0x0800285b   Thumb Code   110  lcd_16x2.o(.text)
    LCD_Gotoxy                               0x080028c9   Thumb Code    44  lcd_16x2.o(.text)
    LCD_Clear                                0x080028f5   Thumb Code    16  lcd_16x2.o(.text)
    LCD_PutChar                              0x08002905   Thumb Code    32  lcd_16x2.o(.text)
    LCD_Puts                                 0x08002925   Thumb Code    22  lcd_16x2.o(.text)
    NVIC_PriorityGroupConfig                 0x08002949   Thumb Code    10  misc.o(.text)
    NVIC_Init                                0x08002953   Thumb Code   102  misc.o(.text)
    NVIC_SetVectorTable                      0x080029b9   Thumb Code    14  misc.o(.text)
    NVIC_SystemLPConfig                      0x080029c7   Thumb Code    34  misc.o(.text)
    SysTick_CLKSourceConfig                  0x080029e9   Thumb Code    40  misc.o(.text)
    GPIO_DeInit                              0x08002a25   Thumb Code   172  stm32f10x_gpio.o(.text)
    GPIO_AFIODeInit                          0x08002ad1   Thumb Code    20  stm32f10x_gpio.o(.text)
    GPIO_Init                                0x08002ae5   Thumb Code   274  stm32f10x_gpio.o(.text)
    GPIO_StructInit                          0x08002bf7   Thumb Code    16  stm32f10x_gpio.o(.text)
    GPIO_ReadInputDataBit                    0x08002c07   Thumb Code    18  stm32f10x_gpio.o(.text)
    GPIO_ReadInputData                       0x08002c19   Thumb Code     8  stm32f10x_gpio.o(.text)
    GPIO_ReadOutputDataBit                   0x08002c21   Thumb Code    18  stm32f10x_gpio.o(.text)
    GPIO_ReadOutputData                      0x08002c33   Thumb Code     8  stm32f10x_gpio.o(.text)
    GPIO_SetBits                             0x08002c3b   Thumb Code     4  stm32f10x_gpio.o(.text)
    GPIO_ResetBits                           0x08002c3f   Thumb Code     4  stm32f10x_gpio.o(.text)
    GPIO_WriteBit                            0x08002c43   Thumb Code    10  stm32f10x_gpio.o(.text)
    GPIO_Write                               0x08002c4d   Thumb Code     4  stm32f10x_gpio.o(.text)
    GPIO_PinLockConfig                       0x08002c51   Thumb Code    18  stm32f10x_gpio.o(.text)
    GPIO_EventOutputConfig                   0x08002c63   Thumb Code    26  stm32f10x_gpio.o(.text)
    GPIO_EventOutputCmd                      0x08002c7d   Thumb Code     6  stm32f10x_gpio.o(.text)
    GPIO_PinRemapConfig                      0x08002c83   Thumb Code   106  stm32f10x_gpio.o(.text)
    GPIO_EXTILineConfig                      0x08002ced   Thumb Code    66  stm32f10x_gpio.o(.text)
    GPIO_ETH_MediaInterfaceConfig            0x08002d2f   Thumb Code     6  stm32f10x_gpio.o(.text)
    USART_DeInit                             0x08002d5d   Thumb Code   134  stm32f10x_usart.o(.text)
    USART_Init                               0x08002de3   Thumb Code   156  stm32f10x_usart.o(.text)
    USART_StructInit                         0x08002e7f   Thumb Code    24  stm32f10x_usart.o(.text)
    USART_ClockInit                          0x08002e97   Thumb Code    34  stm32f10x_usart.o(.text)
    USART_ClockStructInit                    0x08002eb9   Thumb Code    12  stm32f10x_usart.o(.text)
    USART_Cmd                                0x08002ec5   Thumb Code    24  stm32f10x_usart.o(.text)
    USART_ITConfig                           0x08002edd   Thumb Code    74  stm32f10x_usart.o(.text)
    USART_DMACmd                             0x08002f27   Thumb Code    18  stm32f10x_usart.o(.text)
    USART_SetAddress                         0x08002f39   Thumb Code    18  stm32f10x_usart.o(.text)
    USART_WakeUpConfig                       0x08002f4b   Thumb Code    18  stm32f10x_usart.o(.text)
    USART_ReceiverWakeUpCmd                  0x08002f5d   Thumb Code    24  stm32f10x_usart.o(.text)
    USART_LINBreakDetectLengthConfig         0x08002f75   Thumb Code    18  stm32f10x_usart.o(.text)
    USART_LINCmd                             0x08002f87   Thumb Code    24  stm32f10x_usart.o(.text)
    USART_SendData                           0x08002f9f   Thumb Code     8  stm32f10x_usart.o(.text)
    USART_ReceiveData                        0x08002fa7   Thumb Code    10  stm32f10x_usart.o(.text)
    USART_SendBreak                          0x08002fb1   Thumb Code    10  stm32f10x_usart.o(.text)
    USART_SetGuardTime                       0x08002fbb   Thumb Code    16  stm32f10x_usart.o(.text)
    USART_SetPrescaler                       0x08002fcb   Thumb Code    16  stm32f10x_usart.o(.text)
    USART_SmartCardCmd                       0x08002fdb   Thumb Code    24  stm32f10x_usart.o(.text)
    USART_SmartCardNACKCmd                   0x08002ff3   Thumb Code    24  stm32f10x_usart.o(.text)
    USART_HalfDuplexCmd                      0x0800300b   Thumb Code    24  stm32f10x_usart.o(.text)
    USART_IrDAConfig                         0x08003023   Thumb Code    18  stm32f10x_usart.o(.text)
    USART_IrDACmd                            0x08003035   Thumb Code    24  stm32f10x_usart.o(.text)
    USART_GetFlagStatus                      0x0800304d   Thumb Code    26  stm32f10x_usart.o(.text)
    USART_ClearFlag                          0x08003067   Thumb Code    18  stm32f10x_usart.o(.text)
    USART_GetITStatus                        0x08003079   Thumb Code    84  stm32f10x_usart.o(.text)
    USART_ClearITPendingBit                  0x080030cd   Thumb Code    30  stm32f10x_usart.o(.text)
    RCC_DeInit                               0x08003101   Thumb Code    64  stm32f10x_rcc.o(.text)
    RCC_HSEConfig                            0x08003141   Thumb Code    70  stm32f10x_rcc.o(.text)
    RCC_GetFlagStatus                        0x08003187   Thumb Code    56  stm32f10x_rcc.o(.text)
    RCC_WaitForHSEStartUp                    0x080031bf   Thumb Code    56  stm32f10x_rcc.o(.text)
    RCC_AdjustHSICalibrationValue            0x080031f7   Thumb Code    20  stm32f10x_rcc.o(.text)
    RCC_HSICmd                               0x0800320b   Thumb Code     6  stm32f10x_rcc.o(.text)
    RCC_PLLConfig                            0x08003211   Thumb Code    24  stm32f10x_rcc.o(.text)
    RCC_PLLCmd                               0x08003229   Thumb Code     6  stm32f10x_rcc.o(.text)
    RCC_SYSCLKConfig                         0x0800322f   Thumb Code    18  stm32f10x_rcc.o(.text)
    RCC_GetSYSCLKSource                      0x08003241   Thumb Code    10  stm32f10x_rcc.o(.text)
    RCC_HCLKConfig                           0x0800324b   Thumb Code    18  stm32f10x_rcc.o(.text)
    RCC_PCLK1Config                          0x0800325d   Thumb Code    18  stm32f10x_rcc.o(.text)
    RCC_PCLK2Config                          0x0800326f   Thumb Code    20  stm32f10x_rcc.o(.text)
    RCC_ITConfig                             0x08003283   Thumb Code    26  stm32f10x_rcc.o(.text)
    RCC_USBCLKConfig                         0x0800329d   Thumb Code     6  stm32f10x_rcc.o(.text)
    RCC_ADCCLKConfig                         0x080032a3   Thumb Code    18  stm32f10x_rcc.o(.text)
    RCC_LSEConfig                            0x080032b5   Thumb Code    44  stm32f10x_rcc.o(.text)
    RCC_LSICmd                               0x080032e1   Thumb Code     6  stm32f10x_rcc.o(.text)
    RCC_RTCCLKConfig                         0x080032e7   Thumb Code    12  stm32f10x_rcc.o(.text)
    RCC_RTCCLKCmd                            0x080032f3   Thumb Code     8  stm32f10x_rcc.o(.text)
    RCC_GetClocksFreq                        0x080032fb   Thumb Code   192  stm32f10x_rcc.o(.text)
    RCC_AHBPeriphClockCmd                    0x080033bb   Thumb Code    26  stm32f10x_rcc.o(.text)
    RCC_APB2PeriphClockCmd                   0x080033d5   Thumb Code    26  stm32f10x_rcc.o(.text)
    RCC_APB1PeriphClockCmd                   0x080033ef   Thumb Code    26  stm32f10x_rcc.o(.text)
    RCC_APB2PeriphResetCmd                   0x08003409   Thumb Code    26  stm32f10x_rcc.o(.text)
    RCC_APB1PeriphResetCmd                   0x08003423   Thumb Code    26  stm32f10x_rcc.o(.text)
    RCC_BackupResetCmd                       0x0800343d   Thumb Code     8  stm32f10x_rcc.o(.text)
    RCC_ClockSecuritySystemCmd               0x08003445   Thumb Code     6  stm32f10x_rcc.o(.text)
    RCC_MCOConfig                            0x0800344b   Thumb Code     6  stm32f10x_rcc.o(.text)
    RCC_ClearFlag                            0x08003451   Thumb Code    14  stm32f10x_rcc.o(.text)
    RCC_GetITStatus                          0x0800345f   Thumb Code    20  stm32f10x_rcc.o(.text)
    RCC_ClearITPendingBit                    0x08003473   Thumb Code     6  stm32f10x_rcc.o(.text)
    SystemInit                               0x08003587   Thumb Code    70  system_stm32f10x.o(.text)
    SystemCoreClockUpdate                    0x080035cd   Thumb Code     2  system_stm32f10x.o(.text)
    Reset_Handler                            0x080035e1   Thumb Code     8  startup_stm32f10x_hd.o(.text)
    CAN1_RX1_IRQHandler                      0x080035fb   Thumb Code     0  startup_stm32f10x_hd.o(.text)
    CAN1_SCE_IRQHandler                      0x080035fb   Thumb Code     0  startup_stm32f10x_hd.o(.text)
    USB_HP_CAN1_TX_IRQHandler                0x080035fb   Thumb Code     0  startup_stm32f10x_hd.o(.text)
    USB_LP_CAN1_RX0_IRQHandler               0x080035fb   Thumb Code     0  startup_stm32f10x_hd.o(.text)
    __aeabi_uldivmod                         0x08003605   Thumb Code    98  uldiv.o(.text)
    __scatterload                            0x08003669   Thumb Code    28  init.o(.text)
    __scatterload_rt2                        0x08003669   Thumb Code     0  init.o(.text)
    __aeabi_llsl                             0x0800368d   Thumb Code    30  llshl.o(.text)
    _ll_shift_l                              0x0800368d   Thumb Code     0  llshl.o(.text)
    __aeabi_llsr                             0x080036ab   Thumb Code    32  llushr.o(.text)
    _ll_ushift_r                             0x080036ab   Thumb Code     0  llushr.o(.text)
    __0printf$8                              0x080036cd   Thumb Code    22  printf8.o(i.__0printf$8)
    __1printf$8                              0x080036cd   Thumb Code     0  printf8.o(i.__0printf$8)
    __2printf                                0x080036cd   Thumb Code     0  printf8.o(i.__0printf$8)
    __scatterload_copy                       0x080036ed   Thumb Code    14  handlers.o(i.__scatterload_copy)
    __scatterload_null                       0x080036fb   Thumb Code     2  handlers.o(i.__scatterload_null)
    __scatterload_zeroinit                   0x080036fd   Thumb Code    14  handlers.o(i.__scatterload_zeroinit)
    Region$$Table$$Base                      0x08003b6c   Number         0  anon$$obj.o(Region$$Table)
    Region$$Table$$Limit                     0x08003b8c   Number         0  anon$$obj.o(Region$$Table)
    target                                   0x20000000   Data           1  main.o(.data)
    star_ok                                  0x20000001   Data           1  main.o(.data)
    ok_Data                                  0x20000002   Data           1  main.o(.data)
    ID_data_BT1_Mode1                        0x20000003   Data           1  main.o(.data)
    ID_data_BT2_Mode1                        0x20000004   Data           1  main.o(.data)
    ID_data_BT3_Mode1                        0x20000005   Data           1  main.o(.data)
    ID_data_BT4_Mode1                        0x20000006   Data           1  main.o(.data)
    ID_data_BT5_Mode1                        0x20000007   Data           1  main.o(.data)
    ID_data_BT1_Mode2                        0x20000008   Data           1  main.o(.data)
    ID_data_BT2_Mode2                        0x20000009   Data           1  main.o(.data)
    ID_data_BT3_Mode2                        0x2000000a   Data           1  main.o(.data)
    ID_data_BT4_Mode2                        0x2000000b   Data           1  main.o(.data)
    ID_data_BT5_Mode2                        0x2000000c   Data           1  main.o(.data)
    fast_Butt_mode                           0x2000000d   Data           1  main.o(.data)
    GPIO_InitStructure                       0x20000018   Data           4  main.o(.data)
    clk_freq                                 0x20000020   Data           4  main.o(.data)
    i                                        0x20000024   Data           1  main.o(.data)
    ii                                       0x20000025   Data           1  main.o(.data)
    j                                        0x20000026   Data           1  main.o(.data)
    set_led                                  0x20000027   Data           1  main.o(.data)
    T_IR_out                                 0x20000028   Data           4  main.o(.data)
    Butt_1_Data_mode1                        0x2000002c   Data           4  main.o(.data)
    Butt_2_Data_mode1                        0x20000030   Data           4  main.o(.data)
    Butt_3_Data_mode1                        0x20000034   Data           4  main.o(.data)
    Butt_4_Data_mode1                        0x20000038   Data           4  main.o(.data)
    Butt_5_Data_mode1                        0x2000003c   Data           4  main.o(.data)
    Butt_1_Data_mode2                        0x20000040   Data           4  main.o(.data)
    Butt_2_Data_mode2                        0x20000044   Data           4  main.o(.data)
    Butt_3_Data_mode2                        0x20000048   Data           4  main.o(.data)
    Butt_4_Data_mode2                        0x2000004c   Data           4  main.o(.data)
    Butt_5_Data_mode2                        0x20000050   Data           4  main.o(.data)
    Get_data                                 0x20000054   Data           1  main.o(.data)
    fast_Butt_1                              0x20000055   Data           1  main.o(.data)
    fast_Butt_2                              0x20000056   Data           1  main.o(.data)
    fast_Butt_3                              0x20000057   Data           1  main.o(.data)
    fast_Butt_4                              0x20000058   Data           1  main.o(.data)
    fast_Butt_5                              0x20000059   Data           1  main.o(.data)
    fast_Butt_ir                             0x2000005a   Data           1  main.o(.data)
    SystemCoreClock                          0x20000074   Data           4  system_stm32f10x.o(.data)
    __stdout                                 0x20000078   Data           4  stdout.o(.data)
    USART_InitStructure                      0x2000007c   Data          16  main.o(.bss)
    Butt_Data_IR                             0x2000008c   Data          32  main.o(.bss)
    __initial_sp                             0x200004b0   Data           0  startup_stm32f10x_hd.o(STACK)



==============================================================================

Memory Map of the image

  Image Entry point : 0x080035e1

  Load Region LR_1 (Base: 0x08000000, Size: 0x00003c08, Max: 0xffffffff, ABSOLUTE)

    Execution Region ER_RO (Base: 0x08000000, Size: 0x00003b8c, Max: 0xffffffff, ABSOLUTE)

    Base Addr    Size         Type   Attr      Idx    E Section Name        Object

    0x08000000   0x00000130   Data   RO          266    RESET               startup_stm32f10x_hd.o
    0x08000130   0x00000000   Code   RO          271  * .ARM.Collect$$$$00000000  mc_w.l(entry.o)
    0x08000130   0x00000004   Code   RO          535    .ARM.Collect$$$$00000001  mc_w.l(entry2.o)
    0x08000134   0x00000004   Code   RO          538    .ARM.Collect$$$$00000004  mc_w.l(entry5.o)
    0x08000138   0x00000000   Code   RO          540    .ARM.Collect$$$$00000008  mc_w.l(entry7b.o)
    0x08000138   0x00000000   Code   RO          542    .ARM.Collect$$$$0000000A  mc_w.l(entry8b.o)
    0x08000138   0x00000008   Code   RO          543    .ARM.Collect$$$$0000000B  mc_w.l(entry9a.o)
    0x08000140   0x00000000   Code   RO          545    .ARM.Collect$$$$0000000D  mc_w.l(entry10a.o)
    0x08000140   0x00000000   Code   RO          547    .ARM.Collect$$$$0000000F  mc_w.l(entry11a.o)
    0x08000140   0x00000004   Code   RO          536    .ARM.Collect$$$$00002712  mc_w.l(entry2.o)
    0x08000144   0x00000038   Code   RO            1    .text               reprintf.o
    0x0800017c   0x00001504   Code   RO           61    .text               main.o
    0x08001680   0x00000198   Code   RO           93    .text               stm32f10x_it.o
    0x08001818   0x00000b96   Code   RO          110    .text               stm32f10x_tim.o
    0x080023ae   0x00000002   PAD
    0x080023b0   0x0000011c   Code   RO          122    .text               stm32f10x_exti.o
    0x080024cc   0x000000dc   Code   RO          149    .text               24cxx.o
    0x080025a8   0x0000019c   Code   RO          161    .text               i2c.o
    0x08002744   0x00000204   Code   RO          173    .text               lcd_16x2.o
    0x08002948   0x000000dc   Code   RO          185    .text               misc.o
    0x08002a24   0x00000338   Code   RO          197    .text               stm32f10x_gpio.o
    0x08002d5c   0x000003a4   Code   RO          209    .text               stm32f10x_usart.o
    0x08003100   0x000003a4   Code   RO          221    .text               stm32f10x_rcc.o
    0x080034a4   0x0000013c   Code   RO          246    .text               system_stm32f10x.o
    0x080035e0   0x00000024   Code   RO          267  * .text               startup_stm32f10x_hd.o
    0x08003604   0x00000062   Code   RO          552    .text               mc_w.l(uldiv.o)
    0x08003666   0x00000002   PAD
    0x08003668   0x00000024   Code   RO          565    .text               mc_w.l(init.o)
    0x0800368c   0x0000001e   Code   RO          567    .text               mc_w.l(llshl.o)
    0x080036aa   0x00000020   Code   RO          569    .text               mc_w.l(llushr.o)
    0x080036ca   0x00000002   PAD
    0x080036cc   0x00000020   Code   RO          481    i.__0printf$8       mc_w.l(printf8.o)
    0x080036ec   0x0000000e   Code   RO          577    i.__scatterload_copy  mc_w.l(handlers.o)
    0x080036fa   0x00000002   Code   RO          578    i.__scatterload_null  mc_w.l(handlers.o)
    0x080036fc   0x0000000e   Code   RO          579    i.__scatterload_zeroinit  mc_w.l(handlers.o)
    0x0800370a   0x00000002   PAD
    0x0800370c   0x00000408   Code   RO          488    i._printf_core      mc_w.l(printf8.o)
    0x08003b14   0x00000026   Code   RO          489    i._printf_post_padding  mc_w.l(printf8.o)
    0x08003b3a   0x00000030   Code   RO          490    i._printf_pre_padding  mc_w.l(printf8.o)
    0x08003b6a   0x00000002   PAD
    0x08003b6c   0x00000020   Data   RO          575    Region$$Table       anon$$obj.o


    Execution Region ER_RW (Base: 0x20000000, Size: 0x0000007c, Max: 0xffffffff, ABSOLUTE)

    Base Addr    Size         Type   Attr      Idx    E Section Name        Object

    0x20000000   0x0000005b   Data   RW           63    .data               main.o
    0x2000005b   0x00000002   Data   RW           94    .data               stm32f10x_it.o
    0x2000005d   0x00000014   Data   RW          222    .data               stm32f10x_rcc.o
    0x20000071   0x00000003   PAD
    0x20000074   0x00000004   Data   RW          247    .data               system_stm32f10x.o
    0x20000078   0x00000004   Data   RW          549    .data               mc_w.l(stdout.o)


    Execution Region ER_ZI (Base: 0x2000007c, Size: 0x00000434, Max: 0xffffffff, ABSOLUTE)

    Base Addr    Size         Type   Attr      Idx    E Section Name        Object

    0x2000007c   0x00000030   Zero   RW           62    .bss                main.o
    0x200000ac   0x00000004   PAD
    0x200000b0   0x00000400   Zero   RW          264    STACK               startup_stm32f10x_hd.o


==============================================================================

Image component sizes


      Code (inc. data)   RO Data    RW Data    ZI Data      Debug   Object Name

       220          0          0          0          0       1867   24cxx.o
         0          0          0          0          0         32   core_cm3.o
       412         18          0          0          0       1899   i2c.o
       516         14          0          0          0       1925   lcd_16x2.o
      5380        694          0         91         48      26320   main.o
       220         20          0          0          0       1929   misc.o
        56         10          0          0          0     249248   reprintf.o
        36          8        304          0       1024        904   startup_stm32f10x_hd.o
       284         10          0          0          0       2359   stm32f10x_exti.o
       824         40          0          0          0       5681   stm32f10x_gpio.o
       408         24          0          2          0       7760   stm32f10x_it.o
       932         44          0         20          0       8968   stm32f10x_rcc.o
      2966         28          0          0          0      24192   stm32f10x_tim.o
       932         22          0          0          0       7975   stm32f10x_usart.o
       316         18          0          4          0       1865   system_stm32f10x.o

    ----------------------------------------------------------------------
     13504        950        336        120       1076     342924   Object Totals
         0          0         32          0          0          0   (incl. Generated)
         2          0          0          3          4          0   (incl. Padding)

    ----------------------------------------------------------------------

      Code (inc. data)   RO Data    RW Data    ZI Data      Debug   Library Member Name

         0          0          0          0          0          0   entry.o
         0          0          0          0          0          0   entry10a.o
         0          0          0          0          0          0   entry11a.o
         8          4          0          0          0          0   entry2.o
         4          0          0          0          0          0   entry5.o
         0          0          0          0          0          0   entry7b.o
         0          0          0          0          0          0   entry8b.o
         8          4          0          0          0          0   entry9a.o
        30          0          0          0          0          0   handlers.o
        36          8          0          0          0         68   init.o
        30          0          0          0          0         68   llshl.o
        32          0          0          0          0         68   llushr.o
      1150         54          0          0          0        352   printf8.o
         0          0          0          4          0          0   stdout.o
        98          0          0          0          0         92   uldiv.o

    ----------------------------------------------------------------------
      1404         70          0          4          0        648   Library Totals
         8          0          0          0          0          0   (incl. Padding)

    ----------------------------------------------------------------------

      Code (inc. data)   RO Data    RW Data    ZI Data      Debug   Library Name

      1396         70          0          4          0        648   mc_w.l

    ----------------------------------------------------------------------
      1404         70          0          4          0        648   Library Totals

    ----------------------------------------------------------------------

==============================================================================


      Code (inc. data)   RO Data    RW Data    ZI Data      Debug   

     14908       1020        336        124       1076     342012   Grand Totals
     14908       1020        336        124       1076     342012   ELF Image Totals
     14908       1020        336        124          0          0   ROM Totals

==============================================================================

    Total RO  Size (Code + RO Data)                15244 (  14.89kB)
    Total RW  Size (RW Data + ZI Data)              1200 (   1.17kB)
    Total ROM Size (Code + RO Data + RW Data)      15368 (  15.01kB)

==============================================================================

